Component: ARM Compiler 6.16 Tool: armlink [5dfeaa00]

==============================================================================

Section Cross References

    stm_drivers.o(.ARM.exidx.text.fsmc_init) refers to stm_drivers.o(.text.fsmc_init) for [Anonymous Symbol]
    stm_drivers.o(.ARM.exidx.text.enable_disable_fsmc_bank) refers to stm_drivers.o(.text.enable_disable_fsmc_bank) for [Anonymous Symbol]
    stm_drivers.o(.ARM.exidx.text.rcc_ahb_clock_control) refers to stm_drivers.o(.text.rcc_ahb_clock_control) for [Anonymous Symbol]
    stm_drivers.o(.ARM.exidx.text.rcc_apb1_clock_control) refers to stm_drivers.o(.text.rcc_apb1_clock_control) for [Anonymous Symbol]
    stm_drivers.o(.ARM.exidx.text.rcc_apb2_clock_control) refers to stm_drivers.o(.text.rcc_apb2_clock_control) for [Anonymous Symbol]
    stm_drivers.o(.ARM.exidx.text.set_gpio_pin_mode) refers to stm_drivers.o(.text.set_gpio_pin_mode) for [Anonymous Symbol]
    stm_drivers.o(.ARM.exidx.text.read_gpio_pin) refers to stm_drivers.o(.text.read_gpio_pin) for [Anonymous Symbol]
    stm_drivers.o(.ARM.exidx.text.init_timer) refers to stm_drivers.o(.text.init_timer) for [Anonymous Symbol]
    lcd.o(.text.lcd_draw_pixel) refers to lcd.o(.text.lcd_set_cursor_pos) for lcd_set_cursor_pos
    lcd.o(.text.lcd_draw_pixel) refers to lcd.o(.text.lcd_write_register) for lcd_write_register
    lcd.o(.ARM.exidx.text.lcd_draw_pixel) refers to lcd.o(.text.lcd_draw_pixel) for [Anonymous Symbol]
    lcd.o(.text.lcd_set_cursor_pos) refers to lcd.o(.text.lcd_write_register) for lcd_write_register
    lcd.o(.ARM.exidx.text.lcd_set_cursor_pos) refers to lcd.o(.text.lcd_set_cursor_pos) for [Anonymous Symbol]
    lcd.o(.text.lcd_write_register) refers to lcd.o(.text.lcd_write_index) for lcd_write_index
    lcd.o(.text.lcd_write_register) refers to lcd.o(.text.lcd_write_data) for lcd_write_data
    lcd.o(.ARM.exidx.text.lcd_write_register) refers to lcd.o(.text.lcd_write_register) for [Anonymous Symbol]
    lcd.o(.text.lcd_fill_rect) refers to lcd.o(.text.lcd_set_cursor_pos) for lcd_set_cursor_pos
    lcd.o(.text.lcd_fill_rect) refers to lcd.o(.text.lcd_write_register) for lcd_write_register
    lcd.o(.ARM.exidx.text.lcd_fill_rect) refers to lcd.o(.text.lcd_fill_rect) for [Anonymous Symbol]
    lcd.o(.text.lcd_fill_rect_with_border) refers to lcd.o(.text.lcd_set_cursor_pos) for lcd_set_cursor_pos
    lcd.o(.text.lcd_fill_rect_with_border) refers to lcd.o(.text.lcd_write_register) for lcd_write_register
    lcd.o(.ARM.exidx.text.lcd_fill_rect_with_border) refers to lcd.o(.text.lcd_fill_rect_with_border) for [Anonymous Symbol]
    lcd.o(.text.lcd_clear) refers to lcd.o(.text.lcd_set_cursor_pos) for lcd_set_cursor_pos
    lcd.o(.text.lcd_clear) refers to lcd.o(.text.lcd_write_index) for lcd_write_index
    lcd.o(.text.lcd_clear) refers to lcd.o(.text.lcd_write_data) for lcd_write_data
    lcd.o(.ARM.exidx.text.lcd_clear) refers to lcd.o(.text.lcd_clear) for [Anonymous Symbol]
    lcd.o(.ARM.exidx.text.lcd_write_index) refers to lcd.o(.text.lcd_write_index) for [Anonymous Symbol]
    lcd.o(.ARM.exidx.text.lcd_write_data) refers to lcd.o(.text.lcd_write_data) for [Anonymous Symbol]
    lcd.o(.text.get_font_array) refers to lcd.o(.rodata.font8x8_basic) for font8x8_basic
    lcd.o(.ARM.exidx.text.get_font_array) refers to lcd.o(.text.get_font_array) for [Anonymous Symbol]
    lcd.o(.text.lcd_write_string) refers to lcd.o(.text.lcd_print_character_block) for lcd_print_character_block
    lcd.o(.ARM.exidx.text.lcd_write_string) refers to lcd.o(.text.lcd_write_string) for [Anonymous Symbol]
    lcd.o(.text.lcd_print_character_block) refers to lcd.o(.text.get_font_array) for get_font_array
    lcd.o(.text.lcd_print_character_block) refers to lcd.o(.text.lcd_fill_rect) for lcd_fill_rect
    lcd.o(.ARM.exidx.text.lcd_print_character_block) refers to lcd.o(.text.lcd_print_character_block) for [Anonymous Symbol]
    lcd.o(.text.lcd_print_character) refers to lcd.o(.text.get_font_array) for get_font_array
    lcd.o(.text.lcd_print_character) refers to lcd.o(.text.lcd_draw_pixel) for lcd_draw_pixel
    lcd.o(.ARM.exidx.text.lcd_print_character) refers to lcd.o(.text.lcd_print_character) for [Anonymous Symbol]
    lcd.o(.text.lcd_init) refers to lcd.o(.text.init_lcd_control_lines) for init_lcd_control_lines
    lcd.o(.text.lcd_init) refers to lcd.o(.text.lcd_fsmc_init) for lcd_fsmc_init
    lcd.o(.text.lcd_init) refers to util.o(.text.delay_milli) for delay_milli
    lcd.o(.text.lcd_init) refers to lcd.o(.text.lcd_read_register) for lcd_read_register
    lcd.o(.text.lcd_init) refers to lcd.o(.text.lcd_write_register) for lcd_write_register
    lcd.o(.text.lcd_init) refers to lcd.o(.text.lcd_clear) for lcd_clear
    lcd.o(.ARM.exidx.text.lcd_init) refers to lcd.o(.text.lcd_init) for [Anonymous Symbol]
    lcd.o(.text.init_lcd_control_lines) refers to stm_drivers.o(.text.rcc_ahb_clock_control) for rcc_ahb_clock_control
[...]
    startup_stm32f10x_hd.o(.text) refers (Special) to heapauxi.o(.text) for __use_two_region_memory
    startup_stm32f10x_hd.o(.text) refers to system_stm32f10x.o(.text.SystemInit) for SystemInit
    startup_stm32f10x_hd.o(.text) refers to __main.o(!!!main) for __main
    startup_stm32f10x_hd.o(.text) refers to startup_stm32f10x_hd.o(HEAP) for Heap_Mem
    startup_stm32f10x_hd.o(.text) refers to startup_stm32f10x_hd.o(STACK) for Stack_Mem
    system_stm32f10x.o(.text.SystemInit) refers to system_stm32f10x.o(.text.SetSysClock) for SetSysClock
    system_stm32f10x.o(.ARM.exidx.text.SystemInit) refers to system_stm32f10x.o(.text.SystemInit) for [Anonymous Symbol]
    system_stm32f10x.o(.text.SetSysClock) refers to system_stm32f10x.o(.text.SetSysClockTo72) for SetSysClockTo72
    system_stm32f10x.o(.ARM.exidx.text.SetSysClock) refers to system_stm32f10x.o(.text.SetSysClock) for [Anonymous Symbol]
    system_stm32f10x.o(.text.SystemCoreClockUpdate) refers to system_stm32f10x.o(.data.SystemCoreClock) for SystemCoreClock
    system_stm32f10x.o(.text.SystemCoreClockUpdate) refers to system_stm32f10x.o(.rodata.AHBPrescTable) for AHBPrescTable
    system_stm32f10x.o(.ARM.exidx.text.SystemCoreClockUpdate) refers to system_stm32f10x.o(.text.SystemCoreClockUpdate) for [Anonymous Symbol]
    system_stm32f10x.o(.ARM.exidx.text.SetSysClockTo72) refers to system_stm32f10x.o(.text.SetSysClockTo72) for [Anonymous Symbol]
    rt_memclr.o(.text) refers to rt_memclr_w.o(.text) for _memset_w
    __main.o(!!!main) refers to __rtentry.o(.ARM.Collect$$rtentry$$00000000) for __rt_entry
    __rtentry.o(.ARM.Collect$$rtentry$$00000000) refers (Special) to __rtentry2.o(.ARM.Collect$$rtentry$$0000000A) for __rt_entry_li
    __rtentry.o(.ARM.Collect$$rtentry$$00000000) refers (Special) to __rtentry2.o(.ARM.Collect$$rtentry$$0000000D) for __rt_entry_main
    __rtentry.o(.ARM.Collect$$rtentry$$00000000) refers (Special) to __rtentry2.o(.ARM.Collect$$rtentry$$0000000C) for __rt_entry_postli_1
    __rtentry.o(.ARM.Collect$$rtentry$$00000000) refers (Special) to __rtentry2.o(.ARM.Collect$$rtentry$$00000009) for __rt_entry_postsh_1
    __rtentry.o(.ARM.Collect$$rtentry$$00000000) refers (Special) to __rtentry2.o(.ARM.Collect$$rtentry$$00000002) for __rt_entry_presh_1
    __rtentry.o(.ARM.Collect$$rtentry$$00000000) refers (Special) to __rtentry4.o(.ARM.Collect$$rtentry$$00000004) for __rt_entry_sh
    __rtentry2.o(.ARM.Collect$$rtentry$$00000008) refers to boardinit2.o(.text) for _platform_post_stackheap_init
    __rtentry2.o(.ARM.Collect$$rtentry$$0000000A) refers to libinit.o(.ARM.Collect$$libinit$$00000000) for __rt_lib_init
    __rtentry2.o(.ARM.Collect$$rtentry$$0000000B) refers to boardinit3.o(.text) for _platform_post_lib_init
    __rtentry2.o(.ARM.Collect$$rtentry$$0000000D) refers to main.o(.text.main) for main
    __rtentry2.o(.ARM.Collect$$rtentry$$0000000D) refers to exit.o(.text) for exit
    __rtentry2.o(.ARM.exidx) refers to __rtentry2.o(.ARM.Collect$$rtentry$$00000001) for .ARM.Collect$$rtentry$$00000001
    __rtentry2.o(.ARM.exidx) refers to __rtentry2.o(.ARM.Collect$$rtentry$$00000008) for .ARM.Collect$$rtentry$$00000008
    __rtentry2.o(.ARM.exidx) refers to __rtentry2.o(.ARM.Collect$$rtentry$$0000000A) for .ARM.Collect$$rtentry$$0000000A
    __rtentry2.o(.ARM.exidx) refers to __rtentry2.o(.ARM.Collect$$rtentry$$0000000B) for .ARM.Collect$$rtentry$$0000000B
    __rtentry2.o(.ARM.exidx) refers to __rtentry2.o(.ARM.Collect$$rtentry$$0000000D) for .ARM.Collect$$rtentry$$0000000D
    __rtentry4.o(.ARM.Collect$$rtentry$$00000004) refers to sys_stackheap_outer.o(.text) for __user_setup_stackheap
    __rtentry4.o(.ARM.exidx) refers to __rtentry4.o(.ARM.Collect$$rtentry$$00000004) for .ARM.Collect$$rtentry$$00000004
    sys_stackheap_outer.o(.text) refers to libspace.o(.text) for __user_perproc_libspace
    sys_stackheap_outer.o(.text) refers to startup_stm32f10x_hd.o(.text) for __user_initial_stackheap
    exit.o(.text) refers to rtexit.o(.ARM.Collect$$rtexit$$00000000) for __rt_exit
    libinit.o(.ARM.Collect$$libinit$$00000000) refers (Special) to libinit2.o(.ARM.Collect$$libinit$$0000002E) for __rt_lib_init_alloca_1
    libinit.o(.ARM.Collect$$libinit$$00000000) refers (Special) to libinit2.o(.ARM.Collect$$libinit$$0000002C) for __rt_lib_init_argv_1
    libinit.o(.ARM.Collect$$libinit$$00000000) refers (Special) to libinit2.o(.ARM.Collect$$libinit$$0000001B) for __rt_lib_init_atexit_1
    libinit.o(.ARM.Collect$$libinit$$00000000) refers (Special) to libinit2.o(.ARM.Collect$$libinit$$00000021) for __rt_lib_init_clock_1
    libinit.o(.ARM.Collect$$libinit$$00000000) refers (Special) to libinit2.o(.ARM.Collect$$libinit$$00000032) for __rt_lib_init_cpp_1
    libinit.o(.ARM.Collect$$libinit$$00000000) refers (Special) to libinit2.o(.ARM.Collect$$libinit$$00000030) for __rt_lib_init_exceptions_1
    libinit.o(.ARM.Collect$$libinit$$00000000) refers (Special) to libinit2.o(.ARM.Collect$$libinit$$00000002) for __rt_lib_init_fp_1
    libinit.o(.ARM.Collect$$libinit$$00000000) refers (Special) to libinit2.o(.ARM.Collect$$libinit$$0000001F) for __rt_lib_init_fp_trap_1
    libinit.o(.ARM.Collect$$libinit$$00000000) refers (Special) to libinit2.o(.ARM.Collect$$libinit$$00000023) for __rt_lib_init_getenv_1
    libinit.o(.ARM.Collect$$libinit$$00000000) refers (Special) to libinit2.o(.ARM.Collect$$libinit$$0000000A) for __rt_lib_init_heap_1
    libinit.o(.ARM.Collect$$libinit$$00000000) refers (Special) to libinit2.o(.ARM.Collect$$libinit$$00000011) for __rt_lib_init_lc_collate_1
    libinit.o(.ARM.Collect$$libinit$$00000000) refers (Special) to libinit2.o(.ARM.Collect$$libinit$$00000013) for __rt_lib_init_lc_ctype_1
    libinit.o(.ARM.Collect$$libinit$$00000000) refers (Special) to libinit2.o(.ARM.Collect$$libinit$$00000015) for __rt_lib_init_lc_monetary_1
    libinit.o(.ARM.Collect$$libinit$$00000000) refers (Special) to libinit2.o(.ARM.Collect$$libinit$$00000017) for __rt_lib_init_lc_numeric_1
    libinit.o(.ARM.Collect$$libinit$$00000000) refers (Special) to libinit2.o(.ARM.Collect$$libinit$$00000019) for __rt_lib_init_lc_time_1
    libinit.o(.ARM.Collect$$libinit$$00000000) refers (Special) to libinit2.o(.ARM.Collect$$libinit$$00000004) for __rt_lib_init_preinit_1
    libinit.o(.ARM.Collect$$libinit$$00000000) refers (Special) to libinit2.o(.ARM.Collect$$libinit$$0000000E) for __rt_lib_init_rand_1
    libinit.o(.ARM.Collect$$libinit$$00000000) refers (Special) to libinit2.o(.ARM.Collect$$libinit$$00000033) for __rt_lib_init_return
    libinit.o(.ARM.Collect$$libinit$$00000000) refers (Special) to libinit2.o(.ARM.Collect$$libinit$$0000001D) for __rt_lib_init_signal_1
    libinit.o(.ARM.Collect$$libinit$$00000000) refers (Special) to libinit2.o(.ARM.Collect$$libinit$$00000025) for __rt_lib_init_stdio_1
    libinit.o(.ARM.Collect$$libinit$$00000000) refers (Special) to libinit2.o(.ARM.Collect$$libinit$$0000000C) for __rt_lib_init_user_alloc_1
    libspace.o(.text) refers to libspace.o(.bss) for __libspace_start
    rtexit.o(.ARM.Collect$$rtexit$$00000000) refers (Special) to rtexit2.o(.ARM.Collect$$rtexit$$00000004) for __rt_exit_exit
    rtexit.o(.ARM.Collect$$rtexit$$00000000) refers (Special) to rtexit2.o(.ARM.Collect$$rtexit$$00000003) for __rt_exit_ls
    rtexit.o(.ARM.Collect$$rtexit$$00000000) refers (Special) to rtexit2.o(.ARM.Collect$$rtexit$$00000002) for __rt_exit_prels_1
    rtexit.o(.ARM.exidx) refers (Special) to rtexit2.o(.ARM.Collect$$rtexit$$00000004) for __rt_exit_exit
    rtexit.o(.ARM.exidx) refers (Special) to rtexit2.o(.ARM.Collect$$rtexit$$00000003) for __rt_exit_ls
    rtexit.o(.ARM.exidx) refers (Special) to rtexit2.o(.ARM.Collect$$rtexit$$00000002) for __rt_exit_prels_1
    rtexit.o(.ARM.exidx) refers to rtexit.o(.ARM.Collect$$rtexit$$00000000) for .ARM.Collect$$rtexit$$00000000
    libinit2.o(.ARM.Collect$$libinit$$00000010) refers to libinit2.o(.ARM.Collect$$libinit$$0000000F) for .ARM.Collect$$libinit$$0000000F
    libinit2.o(.ARM.Collect$$libinit$$00000012) refers to libinit2.o(.ARM.Collect$$libinit$$0000000F) for .ARM.Collect$$libinit$$0000000F
    libinit2.o(.ARM.Collect$$libinit$$00000014) refers to libinit2.o(.ARM.Collect$$libinit$$0000000F) for .ARM.Collect$$libinit$$0000000F
    libinit2.o(.ARM.Collect$$libinit$$00000016) refers to libinit2.o(.ARM.Collect$$libinit$$0000000F) for .ARM.Collect$$libinit$$0000000F
    libinit2.o(.ARM.Collect$$libinit$$00000018) refers to libinit2.o(.ARM.Collect$$libinit$$0000000F) for .ARM.Collect$$libinit$$0000000F
    libinit2.o(.ARM.Collect$$libinit$$00000026) refers to argv_veneer.o(.emb_text) for __ARM_argv_veneer
    libinit2.o(.ARM.Collect$$libinit$$00000027) refers to argv_veneer.o(.emb_text) for __ARM_argv_veneer
    rtexit2.o(.ARM.Collect$$rtexit$$00000003) refers to libshutdown.o(.ARM.Collect$$libshutdown$$00000000) for __rt_lib_shutdown
    rtexit2.o(.ARM.Collect$$rtexit$$00000004) refers to sys_exit.o(.text) for _sys_exit
    rtexit2.o(.ARM.exidx) refers to rtexit2.o(.ARM.Collect$$rtexit$$00000001) for .ARM.Collect$$rtexit$$00000001
    rtexit2.o(.ARM.exidx) refers to rtexit2.o(.ARM.Collect$$rtexit$$00000003) for .ARM.Collect$$rtexit$$00000003
    rtexit2.o(.ARM.exidx) refers to rtexit2.o(.ARM.Collect$$rtexit$$00000004) for .ARM.Collect$$rtexit$$00000004
    argv_veneer.o(.emb_text) refers to no_argv.o(.text) for __ARM_get_argv
    sys_exit.o(.text) refers (Special) to use_no_semi.o(.text) for __I$use$semihosting
    sys_exit.o(.text) refers (Special) to indicate_semi.o(.text) for __semihosting_library_function
    sys_exit_hlt.o(.text) refers (Special) to use_no_semi.o(.text) for __I$use$semihosting
    sys_exit_hlt.o(.text) refers (Special) to indicate_semi.o(.text) for __semihosting_library_function
    _get_argv_nomalloc.o(.text) refers (Special) to hrguard.o(.text) for __heap_region$guard
    _get_argv_nomalloc.o(.text) refers to defsig_rtmem_outer.o(.text) for __rt_SIGRTMEM
    _get_argv_nomalloc.o(.text) refers to sys_command.o(.text) for _sys_command_string
    libshutdown.o(.ARM.Collect$$libshutdown$$00000000) refers (Special) to libshutdown2.o(.ARM.Collect$$libshutdown$$00000002) for __rt_lib_shutdown_cpp_1
    libshutdown.o(.ARM.Collect$$libshutdown$$00000000) refers (Special) to libshutdown2.o(.ARM.Collect$$libshutdown$$00000007) for __rt_lib_shutdown_fp_trap_1
    libshutdown.o(.ARM.Collect$$libshutdown$$00000000) refers (Special) to libshutdown2.o(.ARM.Collect$$libshutdown$$0000000F) for __rt_lib_shutdown_heap_1
    libshutdown.o(.ARM.Collect$$libshutdown$$00000000) refers (Special) to libshutdown2.o(.ARM.Collect$$libshutdown$$00000010) for __rt_lib_shutdown_return
    libshutdown.o(.ARM.Collect$$libshutdown$$00000000) refers (Special) to libshutdown2.o(.ARM.Collect$$libshutdown$$0000000A) for __rt_lib_shutdown_signal_1
    libshutdown.o(.ARM.Collect$$libshutdown$$00000000) refers (Special) to libshutdown2.o(.ARM.Collect$$libshutdown$$00000004) for __rt_lib_shutdown_stdio_1
    libshutdown.o(.ARM.Collect$$libshutdown$$00000000) refers (Special) to libshutdown2.o(.ARM.Collect$$libshutdown$$0000000C) for __rt_lib_shutdown_user_alloc_1
    sys_command.o(.text) refers (Special) to use_no_semi.o(.text) for __I$use$semihosting
    sys_command.o(.text) refers (Special) to indicate_semi.o(.text) for __semihosting_library_function
    sys_command_hlt.o(.text) refers (Special) to use_no_semi.o(.text) for __I$use$semihosting
    sys_command_hlt.o(.text) refers (Special) to indicate_semi.o(.text) for __semihosting_library_function
    defsig_rtmem_outer.o(.text) refers to defsig_rtmem_inner.o(.text) for __rt_SIGRTMEM_inner
    defsig_rtmem_outer.o(.text) refers to defsig_exit.o(.text) for __sig_exit
    defsig_rtmem_formal.o(.text) refers to rt_raise.o(.text) for __rt_raise
    rt_raise.o(.text) refers to __raise.o(.text) for __raise
    rt_raise.o(.text) refers to sys_exit.o(.text) for _sys_exit
    defsig_exit.o(.text) refers to sys_exit.o(.text) for _sys_exit
    defsig_rtmem_inner.o(.text) refers to defsig_general.o(.text) for __default_signal_display
    __raise.o(.text) refers to defsig.o(CL$$defsig) for __default_signal_handler
    defsig_general.o(.text) refers to sys_wrch.o(.text) for _ttywrch
    sys_wrch.o(.text) refers (Special) to use_no_semi.o(.text) for __I$use$semihosting
    sys_wrch.o(.text) refers (Special) to indicate_semi.o(.text) for __semihosting_library_function
    sys_wrch_hlt.o(.text) refers (Special) to use_no_semi.o(.text) for __I$use$semihosting
    sys_wrch_hlt.o(.text) refers (Special) to indicate_semi.o(.text) for __semihosting_library_function
    defsig.o(CL$$defsig) refers to defsig_rtmem_inner.o(.text) for __rt_SIGRTMEM_inner
    defsig_abrt_inner.o(.text) refers to defsig_general.o(.text) for __default_signal_display
    defsig_fpe_inner.o(.text) refers to defsig_general.o(.text) for __default_signal_display
    defsig_rtred_inner.o(.text) refers to defsig_general.o(.text) for __default_signal_display
    defsig_stak_inner.o(.text) refers to defsig_general.o(.text) for __default_signal_display
    defsig_pvfn_inner.o(.text) refers to defsig_general.o(.text) for __default_signal_display
    defsig_cppl_inner.o(.text) refers to defsig_general.o(.text) for __default_signal_display
    defsig_segv_inner.o(.text) refers to defsig_general.o(.text) for __default_signal_display
    defsig_other.o(.text) refers to defsig_general.o(.text) for __default_signal_display


==============================================================================

Removing Unused input sections from the image.

    Removing stm_drivers.o(.text), (0 bytes).
    Removing stm_drivers.o(.ARM.exidx.text.fsmc_init), (8 bytes).
    Removing stm_drivers.o(.ARM.exidx.text.enable_disable_fsmc_bank), (8 bytes).
    Removing stm_drivers.o(.ARM.exidx.text.rcc_ahb_clock_control), (8 bytes).
    Removing stm_drivers.o(.ARM.exidx.text.rcc_apb1_clock_control), (8 bytes).
    Removing stm_drivers.o(.ARM.exidx.text.rcc_apb2_clock_control), (8 bytes).
    Removing stm_drivers.o(.ARM.exidx.text.set_gpio_pin_mode), (8 bytes).
    Removing stm_drivers.o(.ARM.exidx.text.read_gpio_pin), (8 bytes).
    Removing stm_drivers.o(.ARM.exidx.text.init_timer), (8 bytes).
    Removing lcd.o(.text), (0 bytes).
    Removing lcd.o(.text.lcd_draw_pixel), (42 bytes).
    Removing lcd.o(.ARM.exidx.text.lcd_draw_pixel), (8 bytes).
    Removing lcd.o(.ARM.exidx.text.lcd_set_cursor_pos), (8 bytes).
    Removing lcd.o(.ARM.exidx.text.lcd_write_register), (8 bytes).
    Removing lcd.o(.ARM.exidx.text.lcd_fill_rect), (8 bytes).
    Removing lcd.o(.ARM.exidx.text.lcd_fill_rect_with_border), (8 bytes).
    Removing lcd.o(.ARM.exidx.text.lcd_clear), (8 bytes).
    Removing lcd.o(.ARM.exidx.text.lcd_write_index), (8 bytes).
    Removing lcd.o(.ARM.exidx.text.lcd_write_data), (8 bytes).
    Removing lcd.o(.ARM.exidx.text.get_font_array), (8 bytes).
    Removing lcd.o(.ARM.exidx.text.lcd_write_string), (8 bytes).
    Removing lcd.o(.ARM.exidx.text.lcd_print_character_block), (8 bytes).
    Removing lcd.o(.text.lcd_print_character), (160 bytes).
    Removing lcd.o(.ARM.exidx.text.lcd_print_character), (8 bytes).
    Removing lcd.o(.ARM.exidx.text.lcd_init), (8 bytes).
    Removing lcd.o(.ARM.exidx.text.init_lcd_control_lines), (8 bytes).
    Removing lcd.o(.ARM.exidx.text.lcd_fsmc_init), (8 bytes).
    Removing lcd.o(.ARM.exidx.text.lcd_read_register), (8 bytes).
    Removing lcd.o(.ARM.exidx.text.lcd_reset), (8 bytes).
    Removing lcd.o(.ARM.exidx.text.lcd_read_data), (8 bytes).
    Removing util.o(.text), (0 bytes).
    Removing util.o(.ARM.exidx.text.rand), (8 bytes).
    Removing util.o(.ARM.exidx.text.delay_milli), (8 bytes).
    Removing util.o(.ARM.exidx.text.itoa), (8 bytes).
    Removing tetris.o(.text), (0 bytes).
    Removing tetris.o(.ARM.exidx.text.check_for_tetris), (8 bytes).
    Removing tetris.o(.ARM.exidx.text.draw_block_rectangle), (8 bytes).
    Removing tetris.o(.ARM.exidx.text.copy_piece), (8 bytes).
    Removing tetris.o(.ARM.exidx.text.check_position), (8 bytes).
    Removing tetris.o(.ARM.exidx.text.draw_piece_on_board), (8 bytes).
    Removing tetris.o(.ARM.exidx.text.advance), (8 bytes).
    Removing tetris.o(.ARM.exidx.text.get_new_shape), (8 bytes).
    Removing tetris.o(.ARM.exidx.text.clear_piece_area), (8 bytes).
    Removing tetris.o(.ARM.exidx.text.take_action), (8 bytes).
    Removing tetris.o(.ARM.exidx.text.rotate_piece), (8 bytes).
    Removing tetris.o(.ARM.exidx.text.clear_game_area), (8 bytes).
    Removing tetris.o(.ARM.exidx.text.draw_piece), (8 bytes).
    Removing tetris.o(.text.add_to_game_grid), (2 bytes).
    Removing tetris.o(.ARM.exidx.text.add_to_game_grid), (8 bytes).
    Removing tetris.o(.ARM.exidx.text.draw_game_grid), (8 bytes).
    Removing input_pad.o(.text), (0 bytes).
    Removing input_pad.o(.ARM.exidx.text.init_inputs), (8 bytes).
    Removing input_pad.o(.ARM.exidx.text.get_button_press), (8 bytes).
    Removing main.o(.text), (0 bytes).
    Removing main.o(.ARM.exidx.text.main), (8 bytes).
    Removing main.o(.ARM.exidx.text.setup_perh), (8 bytes).
    Removing main.o(.ARM.exidx.text.show_menu), (8 bytes).
    Removing main.o(.ARM.exidx.text.TIM2_IRQHandler), (8 bytes).
    Removing main.o(.ARM.exidx.text.TIM3_IRQHandler), (8 bytes).
    Removing main.o(.ARM.exidx.text.init_wave_timers), (8 bytes).
    Removing main.o(.ARM.exidx.text.init_dac_channels), (8 bytes).
    Removing main.o(.ARM.exidx.text.draw_screen_frame), (8 bytes).
    Removing main.o(.ARM.exidx.text.draw_menu_screen), (8 bytes).
    Removing main.o(.ARM.exidx.text.update_game_timer), (8 bytes).
    Removing main.o(.ARM.exidx.text.play_tetris_game), (8 bytes).
    Removing main.o(.ARM.use_no_argv), (4 bytes).
    Removing system_stm32f10x.o(.text), (0 bytes).
    Removing system_stm32f10x.o(.ARM.exidx.text.SystemInit), (8 bytes).
    Removing system_stm32f10x.o(.ARM.exidx.text.SetSysClock), (8 bytes).
    Removing system_stm32f10x.o(.text.SystemCoreClockUpdate), (290 bytes).
    Removing system_stm32f10x.o(.ARM.exidx.text.SystemCoreClockUpdate), (8 bytes).
    Removing system_stm32f10x.o(.ARM.exidx.text.SetSysClockTo72), (8 bytes).
    Removing system_stm32f10x.o(.data.SystemCoreClock), (4 bytes).
    Removing system_stm32f10x.o(.rodata.AHBPrescTable), (16 bytes).

74 unused section(s) (total 998 bytes) removed from the image.

==============================================================================

Image Symbol Table

    Local Symbols

    Symbol Name                              Value     Ov Type        Size  Object(Section)

    ../clib/angel/boardlib.s                 0x00000000   Number         0  boardinit1.o ABSOLUTE
    ../clib/angel/boardlib.s                 0x00000000   Number         0  boardinit2.o ABSOLUTE
    ../clib/angel/boardlib.s                 0x00000000   Number         0  boardinit3.o ABSOLUTE
    ../clib/angel/boardlib.s                 0x00000000   Number         0  boardshut.o ABSOLUTE
    ../clib/angel/handlers.s                 0x00000000   Number         0  __scatter_copy.o ABSOLUTE
    ../clib/angel/handlers.s                 0x00000000   Number         0  __scatter_zi.o ABSOLUTE
    ../clib/angel/kernel.s                   0x00000000   Number         0  __rtentry.o ABSOLUTE
    ../clib/angel/kernel.s                   0x00000000   Number         0  __rtentry2.o ABSOLUTE
    ../clib/angel/kernel.s                   0x00000000   Number         0  __rtentry4.o ABSOLUTE
    ../clib/angel/kernel.s                   0x00000000   Number         0  rtexit.o ABSOLUTE
    ../clib/angel/kernel.s                   0x00000000   Number         0  rtexit2.o ABSOLUTE
    ../clib/angel/rt.s                       0x00000000   Number         0  rt_raise.o ABSOLUTE
    ../clib/angel/scatter.s                  0x00000000   Number         0  __scatter.o ABSOLUTE
    ../clib/angel/startup.s                  0x00000000   Number         0  __main.o ABSOLUTE
    ../clib/angel/sys.s                      0x00000000   Number         0  sys_stackheap_outer.o ABSOLUTE
    ../clib/angel/sys.s                      0x00000000   Number         0  libspace.o ABSOLUTE
    ../clib/angel/sys.s                      0x00000000   Number         0  use_no_semi.o ABSOLUTE
    ../clib/angel/sys.s                      0x00000000   Number         0  indicate_semi.o ABSOLUTE
    ../clib/angel/sysapp.c                   0x00000000   Number         0  sys_exit.o ABSOLUTE
    ../clib/angel/sysapp.c                   0x00000000   Number         0  sys_exit_hlt.o ABSOLUTE
    ../clib/angel/sysapp.c                   0x00000000   Number         0  sys_command.o ABSOLUTE
    ../clib/angel/sysapp.c                   0x00000000   Number         0  sys_command_hlt.o ABSOLUTE
    ../clib/angel/sysapp.c                   0x00000000   Number         0  sys_wrch.o ABSOLUTE
    ../clib/angel/sysapp.c                   0x00000000   Number         0  sys_wrch_hlt.o ABSOLUTE
    ../clib/armsys.c                         0x00000000   Number         0  argv_veneer.o ABSOLUTE
    ../clib/armsys.c                         0x00000000   Number         0  argv_veneer.o ABSOLUTE
    ../clib/armsys.c                         0x00000000   Number         0  _get_argv_nomalloc.o ABSOLUTE
    ../clib/armsys.c                         0x00000000   Number         0  no_argv.o ABSOLUTE
    ../clib/heapalloc.c                      0x00000000   Number         0  hrguard.o ABSOLUTE
    ../clib/heapaux.c                        0x00000000   Number         0  heapauxi.o ABSOLUTE
    ../clib/libinit.s                        0x00000000   Number         0  libinit.o ABSOLUTE
    ../clib/libinit.s                        0x00000000   Number         0  libinit2.o ABSOLUTE
    ../clib/libinit.s                        0x00000000   Number         0  libshutdown.o ABSOLUTE
    ../clib/libinit.s                        0x00000000   Number         0  libshutdown2.o ABSOLUTE
    ../clib/memcpset.s                       0x00000000   Number         0  rt_memclr.o ABSOLUTE
    ../clib/memcpset.s                       0x00000000   Number         0  rt_memclr_w.o ABSOLUTE
    ../clib/signal.c                         0x00000000   Number         0  defsig_rtmem_outer.o ABSOLUTE
    ../clib/signal.c                         0x00000000   Number         0  defsig_rtmem_formal.o ABSOLUTE
    ../clib/signal.c                         0x00000000   Number         0  defsig_exit.o ABSOLUTE
    ../clib/signal.c                         0x00000000   Number         0  defsig_rtmem_inner.o ABSOLUTE
    ../clib/signal.c                         0x00000000   Number         0  __raise.o ABSOLUTE
    ../clib/signal.c                         0x00000000   Number         0  defsig_general.o ABSOLUTE
    ../clib/signal.c                         0x00000000   Number         0  defsig_abrt_inner.o ABSOLUTE
    ../clib/signal.c                         0x00000000   Number         0  defsig_fpe_inner.o ABSOLUTE
    ../clib/signal.c                         0x00000000   Number         0  defsig_rtred_inner.o ABSOLUTE
    ../clib/signal.c                         0x00000000   Number         0  defsig_stak_inner.o ABSOLUTE
    ../clib/signal.c                         0x00000000   Number         0  defsig_pvfn_inner.o ABSOLUTE
    ../clib/signal.c                         0x00000000   Number         0  defsig_cppl_inner.o ABSOLUTE
    ../clib/signal.c                         0x00000000   Number         0  defsig_segv_inner.o ABSOLUTE
    ../clib/signal.c                         0x00000000   Number         0  defsig_other.o ABSOLUTE
    ../clib/signal.s                         0x00000000   Number         0  defsig.o ABSOLUTE
    ../clib/stdlib.c                         0x00000000   Number         0  exit.o ABSOLUTE
    ../fplib/fpinit.s                        0x00000000   Number         0  fpinit.o ABSOLUTE
    ../fplib/fpinit_empty.s                  0x00000000   Number         0  fpinit_empty.o ABSOLUTE
    RTE/Device/STM32F103VE/startup_stm32f10x_hd.s 0x00000000   Number         0  startup_stm32f10x_hd.o ABSOLUTE
    dc.s                                     0x00000000   Number         0  dc.o ABSOLUTE
    input_pad.c                              0x00000000   Number         0  input_pad.o ABSOLUTE
    lcd.c                                    0x00000000   Number         0  lcd.o ABSOLUTE
    main.c                                   0x00000000   Number         0  main.o ABSOLUTE
    stm_drivers.c                            0x00000000   Number         0  stm_drivers.o ABSOLUTE
    system_stm32f10x.c                       0x00000000   Number         0  system_stm32f10x.o ABSOLUTE
    tetris.c                                 0x00000000   Number         0  tetris.o ABSOLUTE
    util.c                                   0x00000000   Number         0  util.o ABSOLUTE
    RESET                                    0x08000000   Section      304  startup_stm32f10x_hd.o(RESET)
    !!!main                                  0x08000130   Section        8  __main.o(!!!main)
    !!!scatter                               0x08000138   Section       52  __scatter.o(!!!scatter)
    !!handler_copy                           0x0800016c   Section       26  __scatter_copy.o(!!handler_copy)
    !!handler_zi                             0x08000188   Section       28  __scatter_zi.o(!!handler_zi)
    .ARM.Collect$$libinit$$00000000          0x080001a4   Section        2  libinit.o(.ARM.Collect$$libinit$$00000000)
    .ARM.Collect$$libinit$$00000002          0x080001a6   Section        0  libinit2.o(.ARM.Collect$$libinit$$00000002)
    .ARM.Collect$$libinit$$00000004          0x080001a6   Section        0  libinit2.o(.ARM.Collect$$libinit$$00000004)
    .ARM.Collect$$libinit$$0000000A          0x080001a6   Section        0  libinit2.o(.ARM.Collect$$libinit$$0000000A)
    .ARM.Collect$$libinit$$0000000C          0x080001a6   Section        0  libinit2.o(.ARM.Collect$$libinit$$0000000C)
    .ARM.Collect$$libinit$$0000000E          0x080001a6   Section        0  libinit2.o(.ARM.Collect$$libinit$$0000000E)
    .ARM.Collect$$libinit$$00000011          0x080001a6   Section        0  libinit2.o(.ARM.Collect$$libinit$$00000011)
    .ARM.Collect$$libinit$$00000013          0x080001a6   Section        0  libinit2.o(.ARM.Collect$$libinit$$00000013)
    .ARM.Collect$$libinit$$00000015          0x080001a6   Section        0  libinit2.o(.ARM.Collect$$libinit$$00000015)
    .ARM.Collect$$libinit$$00000017          0x080001a6   Section        0  libinit2.o(.ARM.Collect$$libinit$$00000017)
    .ARM.Collect$$libinit$$00000019          0x080001a6   Section        0  libinit2.o(.ARM.Collect$$libinit$$00000019)
    .ARM.Collect$$libinit$$0000001B          0x080001a6   Section        0  libinit2.o(.ARM.Collect$$libinit$$0000001B)
    .ARM.Collect$$libinit$$0000001D          0x080001a6   Section        0  libinit2.o(.ARM.Collect$$libinit$$0000001D)
    .ARM.Collect$$libinit$$0000001F          0x080001a6   Section        0  libinit2.o(.ARM.Collect$$libinit$$0000001F)
    .ARM.Collect$$libinit$$00000021          0x080001a6   Section        0  libinit2.o(.ARM.Collect$$libinit$$00000021)
    .ARM.Collect$$libinit$$00000023          0x080001a6   Section        0  libinit2.o(.ARM.Collect$$libinit$$00000023)
    .ARM.Collect$$libinit$$00000025          0x080001a6   Section        0  libinit2.o(.ARM.Collect$$libinit$$00000025)
    .ARM.Collect$$libinit$$0000002C          0x080001a6   Section        0  libinit2.o(.ARM.Collect$$libinit$$0000002C)
    .ARM.Collect$$libinit$$0000002E          0x080001a6   Section        0  libinit2.o(.ARM.Collect$$libinit$$0000002E)
    .ARM.Collect$$libinit$$00000030          0x080001a6   Section        0  libinit2.o(.ARM.Collect$$libinit$$00000030)
    .ARM.Collect$$libinit$$00000032          0x080001a6   Section        0  libinit2.o(.ARM.Collect$$libinit$$00000032)
    .ARM.Collect$$libinit$$00000033          0x080001a6   Section        2  libinit2.o(.ARM.Collect$$libinit$$00000033)
    .ARM.Collect$$libshutdown$$00000000      0x080001a8   Section        2  libshutdown.o(.ARM.Collect$$libshutdown$$00000000)
    .ARM.Collect$$libshutdown$$00000002      0x080001aa   Section        0  libshutdown2.o(.ARM.Collect$$libshutdown$$00000002)
    .ARM.Collect$$libshutdown$$00000004      0x080001aa   Section        0  libshutdown2.o(.ARM.Collect$$libshutdown$$00000004)
    .ARM.Collect$$libshutdown$$00000007      0x080001aa   Section        0  libshutdown2.o(.ARM.Collect$$libshutdown$$00000007)
    .ARM.Collect$$libshutdown$$0000000A      0x080001aa   Section        0  libshutdown2.o(.ARM.Collect$$libshutdown$$0000000A)
    .ARM.Collect$$libshutdown$$0000000C      0x080001aa   Section        0  libshutdown2.o(.ARM.Collect$$libshutdown$$0000000C)
    .ARM.Collect$$libshutdown$$0000000F      0x080001aa   Section        0  libshutdown2.o(.ARM.Collect$$libshutdown$$0000000F)
    .ARM.Collect$$libshutdown$$00000010      0x080001aa   Section        2  libshutdown2.o(.ARM.Collect$$libshutdown$$00000010)
    .ARM.Collect$$rtentry$$00000000          0x080001ac   Section        0  __rtentry.o(.ARM.Collect$$rtentry$$00000000)
    .ARM.Collect$$rtentry$$00000002          0x080001ac   Section        0  __rtentry2.o(.ARM.Collect$$rtentry$$00000002)
    .ARM.Collect$$rtentry$$00000004          0x080001ac   Section        6  __rtentry4.o(.ARM.Collect$$rtentry$$00000004)
    .ARM.Collect$$rtentry$$00000009          0x080001b2   Section        0  __rtentry2.o(.ARM.Collect$$rtentry$$00000009)
    .ARM.Collect$$rtentry$$0000000A          0x080001b2   Section        4  __rtentry2.o(.ARM.Collect$$rtentry$$0000000A)
    .ARM.Collect$$rtentry$$0000000C          0x080001b6   Section        0  __rtentry2.o(.ARM.Collect$$rtentry$$0000000C)
    .ARM.Collect$$rtentry$$0000000D          0x080001b6   Section        8  __rtentry2.o(.ARM.Collect$$rtentry$$0000000D)
    .ARM.Collect$$rtexit$$00000000           0x080001be   Section        2  rtexit.o(.ARM.Collect$$rtexit$$00000000)
    .ARM.Collect$$rtexit$$00000002           0x080001c0   Section        0  rtexit2.o(.ARM.Collect$$rtexit$$00000002)
    .ARM.Collect$$rtexit$$00000003           0x080001c0   Section        4  rtexit2.o(.ARM.Collect$$rtexit$$00000003)
    .ARM.Collect$$rtexit$$00000004           0x080001c4   Section        6  rtexit2.o(.ARM.Collect$$rtexit$$00000004)
    .text                                    0x080001cc   Section       64  startup_stm32f10x_hd.o(.text)
    .text                                    0x0800020c   Section       68  rt_memclr.o(.text)
    .text                                    0x08000250   Section        0  heapauxi.o(.text)
    .text                                    0x08000256   Section       78  rt_memclr_w.o(.text)
    .text                                    0x080002a4   Section       74  sys_stackheap_outer.o(.text)
    .text                                    0x080002ee   Section        0  exit.o(.text)
    .text                                    0x08000300   Section        8  libspace.o(.text)
    .text                                    0x08000308   Section        0  sys_exit.o(.text)
    .text                                    0x08000314   Section        2  use_no_semi.o(.text)
    .text                                    0x08000316   Section        0  indicate_semi.o(.text)
    SetSysClock                              0x08000319   Thumb Code     8  system_stm32f10x.o(.text.SetSysClock)
    [Anonymous Symbol]                       0x08000318   Section        0  system_stm32f10x.o(.text.SetSysClock)
    SetSysClockTo72                          0x08000321   Thumb Code   290  system_stm32f10x.o(.text.SetSysClockTo72)
    [Anonymous Symbol]                       0x08000320   Section        0  system_stm32f10x.o(.text.SetSysClockTo72)
    [Anonymous Symbol]                       0x08000444   Section        0  system_stm32f10x.o(.text.SystemInit)
    [Anonymous Symbol]                       0x080004ac   Section        0  main.o(.text.TIM2_IRQHandler)
    [Anonymous Symbol]                       0x080004c8   Section        0  main.o(.text.TIM3_IRQHandler)
    [Anonymous Symbol]                       0x08000598   Section        0  tetris.o(.text.advance)
    [Anonymous Symbol]                       0x08000604   Section        0  tetris.o(.text.check_for_tetris)
    [Anonymous Symbol]                       0x08000744   Section        0  tetris.o(.text.check_position)
    [Anonymous Symbol]                       0x08000848   Section        0  tetris.o(.text.clear_game_area)
    [Anonymous Symbol]                       0x080008a8   Section        0  tetris.o(.text.clear_piece_area)
    [Anonymous Symbol]                       0x08000980   Section        0  tetris.o(.text.copy_piece)
    [Anonymous Symbol]                       0x08000a24   Section        0  util.o(.text.delay_milli)
    [Anonymous Symbol]                       0x08000a78   Section        0  tetris.o(.text.draw_block_rectangle)
    [Anonymous Symbol]                       0x08000af0   Section        0  tetris.o(.text.draw_game_grid)
    [Anonymous Symbol]                       0x08000b94   Section        0  main.o(.text.draw_menu_screen)
    [Anonymous Symbol]                       0x08000c50   Section        0  tetris.o(.text.draw_piece)
    [Anonymous Symbol]                       0x08000d3c   Section        0  tetris.o(.text.draw_piece_on_board)
    [Anonymous Symbol]                       0x08000ddc   Section        0  main.o(.text.draw_screen_frame)
    [Anonymous Symbol]                       0x08000e68   Section        0  stm_drivers.o(.text.enable_disable_fsmc_bank)
    [Anonymous Symbol]                       0x08000ea8   Section        0  stm_drivers.o(.text.fsmc_init)
    [Anonymous Symbol]                       0x08000f48   Section        0  input_pad.o(.text.get_button_press)
    [Anonymous Symbol]                       0x08000fe0   Section        0  lcd.o(.text.get_font_array)
    [Anonymous Symbol]                       0x08001028   Section        0  tetris.o(.text.get_new_shape)
    [Anonymous Symbol]                       0x080010e8   Section        0  main.o(.text.init_dac_channels)
    [Anonymous Symbol]                       0x08001150   Section        0  input_pad.o(.text.init_inputs)
    [Anonymous Symbol]                       0x080011c8   Section        0  lcd.o(.text.init_lcd_control_lines)
    [Anonymous Symbol]                       0x080012f8   Section        0  stm_drivers.o(.text.init_timer)
    [Anonymous Symbol]                       0x0800133c   Section        0  main.o(.text.init_wave_timers)
    [Anonymous Symbol]                       0x080013a8   Section        0  util.o(.text.itoa)
    [Anonymous Symbol]                       0x08001468   Section        0  lcd.o(.text.lcd_clear)
    [Anonymous Symbol]                       0x080014a8   Section        0  lcd.o(.text.lcd_fill_rect)
    [Anonymous Symbol]                       0x0800156c   Section        0  lcd.o(.text.lcd_fill_rect_with_border)
    [Anonymous Symbol]                       0x080015f8   Section        0  lcd.o(.text.lcd_fsmc_init)
    [Anonymous Symbol]                       0x0800164c   Section        0  lcd.o(.text.lcd_init)
    [Anonymous Symbol]                       0x0800186c   Section        0  lcd.o(.text.lcd_print_character_block)
    lcd_read_data                            0x08001951   Thumb Code    10  lcd.o(.text.lcd_read_data)
    [Anonymous Symbol]                       0x08001950   Section        0  lcd.o(.text.lcd_read_data)
    lcd_read_register                        0x0800195d   Thumb Code    24  lcd.o(.text.lcd_read_register)
    [Anonymous Symbol]                       0x0800195c   Section        0  lcd.o(.text.lcd_read_register)
    [Anonymous Symbol]                       0x08001974   Section        0  lcd.o(.text.lcd_reset)
    [Anonymous Symbol]                       0x080019a8   Section        0  lcd.o(.text.lcd_set_cursor_pos)
    lcd_write_data                           0x080019e9   Thumb Code    22  lcd.o(.text.lcd_write_data)
    [Anonymous Symbol]                       0x080019e8   Section        0  lcd.o(.text.lcd_write_data)
    lcd_write_index                          0x08001a01   Thumb Code    20  lcd.o(.text.lcd_write_index)
    [Anonymous Symbol]                       0x08001a00   Section        0  lcd.o(.text.lcd_write_index)
    lcd_write_register                       0x08001a15   Thumb Code    32  lcd.o(.text.lcd_write_register)
    [Anonymous Symbol]                       0x08001a14   Section        0  lcd.o(.text.lcd_write_register)
    [Anonymous Symbol]                       0x08001a34   Section        0  lcd.o(.text.lcd_write_string)
    [Anonymous Symbol]                       0x08001af8   Section        0  main.o(.text.main)
    [Anonymous Symbol]                       0x08001b38   Section        0  main.o(.text.play_tetris_game)
    [Anonymous Symbol]                       0x08001d50   Section        0  util.o(.text.rand)
    [Anonymous Symbol]                       0x08001d84   Section        0  stm_drivers.o(.text.rcc_ahb_clock_control)
    [Anonymous Symbol]                       0x08001db8   Section        0  stm_drivers.o(.text.rcc_apb1_clock_control)
    [Anonymous Symbol]                       0x08001dec   Section        0  stm_drivers.o(.text.rcc_apb2_clock_control)
    [Anonymous Symbol]                       0x08001e20   Section        0  stm_drivers.o(.text.read_gpio_pin)
    [Anonymous Symbol]                       0x08001e38   Section        0  tetris.o(.text.rotate_piece)
    [Anonymous Symbol]                       0x08001ed4   Section        0  stm_drivers.o(.text.set_gpio_pin_mode)
    [Anonymous Symbol]                       0x08001f3c   Section        0  main.o(.text.setup_perh)
    [Anonymous Symbol]                       0x08001ff4   Section        0  main.o(.text.show_menu)
    [Anonymous Symbol]                       0x08002064   Section        0  tetris.o(.text.take_action)
    [Anonymous Symbol]                       0x080020e0   Section        0  main.o(.text.update_game_timer)
    GameShape                                0x08002104   Data          56  tetris.o(.rodata.GameShape)
    [Anonymous Symbol]                       0x08002104   Section        0  tetris.o(.rodata.GameShape)
    bass                                     0x0800213c   Data         254  main.o(.rodata.bass)
    [Anonymous Symbol]                       0x0800213c   Section        0  main.o(.rodata.bass)
    font8x8_basic                            0x0800223a   Data        1024  lcd.o(.rodata.font8x8_basic)
    [Anonymous Symbol]                       0x0800223a   Section        0  lcd.o(.rodata.font8x8_basic)
    sequence                                 0x0800263a   Data          55  main.o(.rodata.sequence)
    [Anonymous Symbol]                       0x0800263a   Section        0  main.o(.rodata.sequence)
    song                                     0x08002672   Data         108  main.o(.rodata.song)
    [Anonymous Symbol]                       0x08002672   Section        0  main.o(.rodata.song)
    .L.str                                   0x080026de   Data          72  util.o(.rodata.str1.1)
    [Anonymous Symbol]                       0x080026de   Section        0  util.o(.rodata.str1.1)
    .L.str.5                                 0x08002726   Data          14  main.o(.rodata.str1.1)
    [Anonymous Symbol]                       0x08002726   Section        0  main.o(.rodata.str1.1)
    .L.str.2                                 0x08002734   Data          11  main.o(.rodata.str1.1)
    .L.str.3                                 0x0800273f   Data          17  main.o(.rodata.str1.1)
    .L.str.1                                 0x08002750   Data           7  main.o(.rodata.str1.1)
    .L.str.4                                 0x08002757   Data           9  main.o(.rodata.str1.1)
    .L.str                                   0x08002760   Data           5  main.o(.rodata.str1.1)
    .compoundliteral                         0x20000000   Data           6  tetris.o(.data..compoundliteral)
    [Anonymous Symbol]                       0x20000000   Section        0  tetris.o(.data..compoundliteral)
    .compoundliteral.1                       0x20000006   Data           6  tetris.o(.data..compoundliteral.1)
    [Anonymous Symbol]                       0x20000006   Section        0  tetris.o(.data..compoundliteral.1)
    .compoundliteral.11                      0x2000000c   Data          12  tetris.o(.data..compoundliteral.11)
    [Anonymous Symbol]                       0x2000000c   Section        0  tetris.o(.data..compoundliteral.11)
    .compoundliteral.12                      0x20000018   Data           8  tetris.o(.data..compoundliteral.12)
    [Anonymous Symbol]                       0x20000018   Section        0  tetris.o(.data..compoundliteral.12)
    .compoundliteral.16                      0x20000020   Data          16  tetris.o(.data..compoundliteral.16)
    [Anonymous Symbol]                       0x20000020   Section        0  tetris.o(.data..compoundliteral.16)
    .compoundliteral.17                      0x20000030   Data           6  tetris.o(.data..compoundliteral.17)
    [Anonymous Symbol]                       0x20000030   Section        0  tetris.o(.data..compoundliteral.17)
    .compoundliteral.18                      0x20000036   Data           6  tetris.o(.data..compoundliteral.18)
    [Anonymous Symbol]                       0x20000036   Section        0  tetris.o(.data..compoundliteral.18)
    .compoundliteral.20                      0x2000003c   Data          12  tetris.o(.data..compoundliteral.20)
    [Anonymous Symbol]                       0x2000003c   Section        0  tetris.o(.data..compoundliteral.20)
    .compoundliteral.21                      0x20000048   Data           6  tetris.o(.data..compoundliteral.21)
    [Anonymous Symbol]                       0x20000048   Section        0  tetris.o(.data..compoundliteral.21)
    .compoundliteral.22                      0x2000004e   Data           6  tetris.o(.data..compoundliteral.22)
    [Anonymous Symbol]                       0x2000004e   Section        0  tetris.o(.data..compoundliteral.22)
    .compoundliteral.24                      0x20000054   Data          12  tetris.o(.data..compoundliteral.24)
    [Anonymous Symbol]                       0x20000054   Section        0  tetris.o(.data..compoundliteral.24)
    .compoundliteral.25                      0x20000060   Data           4  tetris.o(.data..compoundliteral.25)
    [Anonymous Symbol]                       0x20000060   Section        0  tetris.o(.data..compoundliteral.25)
    .compoundliteral.26                      0x20000064   Data           4  tetris.o(.data..compoundliteral.26)
    [Anonymous Symbol]                       0x20000064   Section        0  tetris.o(.data..compoundliteral.26)
    .compoundliteral.28                      0x20000068   Data          12  tetris.o(.data..compoundliteral.28)
    [Anonymous Symbol]                       0x20000068   Section        0  tetris.o(.data..compoundliteral.28)
    .compoundliteral.3                       0x20000074   Data          12  tetris.o(.data..compoundliteral.3)
    [Anonymous Symbol]                       0x20000074   Section        0  tetris.o(.data..compoundliteral.3)
    .compoundliteral.4                       0x20000080   Data           6  tetris.o(.data..compoundliteral.4)
    [Anonymous Symbol]                       0x20000080   Section        0  tetris.o(.data..compoundliteral.4)
    .compoundliteral.5                       0x20000086   Data           6  tetris.o(.data..compoundliteral.5)
    [Anonymous Symbol]                       0x20000086   Section        0  tetris.o(.data..compoundliteral.5)
    .compoundliteral.7                       0x2000008c   Data          12  tetris.o(.data..compoundliteral.7)
    [Anonymous Symbol]                       0x2000008c   Section        0  tetris.o(.data..compoundliteral.7)
    .compoundliteral.8                       0x20000098   Data           6  tetris.o(.data..compoundliteral.8)
    [Anonymous Symbol]                       0x20000098   Section        0  tetris.o(.data..compoundliteral.8)
    .compoundliteral.9                       0x2000009e   Data           6  tetris.o(.data..compoundliteral.9)
    [Anonymous Symbol]                       0x2000009e   Section        0  tetris.o(.data..compoundliteral.9)
    seed                                     0x200000a4   Data           2  util.o(.data.seed)
    [Anonymous Symbol]                       0x200000a4   Section        0  util.o(.data.seed)
    .bss                                     0x200000a8   Section       96  libspace.o(.bss)
    .compoundliteral.10                      0x20000108   Data           6  tetris.o(.bss..compoundliteral.10)
    [Anonymous Symbol]                       0x20000108   Section        0  tetris.o(.bss..compoundliteral.10)
    .compoundliteral.13                      0x2000010e   Data           8  tetris.o(.bss..compoundliteral.13)
    [Anonymous Symbol]                       0x2000010e   Section        0  tetris.o(.bss..compoundliteral.13)
    .compoundliteral.14                      0x20000116   Data           8  tetris.o(.bss..compoundliteral.14)
    [Anonymous Symbol]                       0x20000116   Section        0  tetris.o(.bss..compoundliteral.14)
    .compoundliteral.15                      0x2000011e   Data           8  tetris.o(.bss..compoundliteral.15)
    [Anonymous Symbol]                       0x2000011e   Section        0  tetris.o(.bss..compoundliteral.15)
    .compoundliteral.19                      0x20000126   Data           6  tetris.o(.bss..compoundliteral.19)
    [Anonymous Symbol]                       0x20000126   Section        0  tetris.o(.bss..compoundliteral.19)
    .compoundliteral.2                       0x2000012c   Data           6  tetris.o(.bss..compoundliteral.2)
    [Anonymous Symbol]                       0x2000012c   Section        0  tetris.o(.bss..compoundliteral.2)
    .compoundliteral.23                      0x20000132   Data           6  tetris.o(.bss..compoundliteral.23)
    [Anonymous Symbol]                       0x20000132   Section        0  tetris.o(.bss..compoundliteral.23)
    .compoundliteral.27                      0x20000138   Data           4  tetris.o(.bss..compoundliteral.27)
    [Anonymous Symbol]                       0x20000138   Section        0  tetris.o(.bss..compoundliteral.27)
    .compoundliteral.6                       0x2000013c   Data           6  tetris.o(.bss..compoundliteral.6)
    [Anonymous Symbol]                       0x2000013c   Section        0  tetris.o(.bss..compoundliteral.6)
    current_bit                              0x20000144   Data           2  util.o(.bss.current_bit)
    [Anonymous Symbol]                       0x20000144   Section        0  util.o(.bss.current_bit)
    Heap_Mem                                 0x20000150   Data         512  startup_stm32f10x_hd.o(HEAP)
    HEAP                                     0x20000150   Section      512  startup_stm32f10x_hd.o(HEAP)
    Stack_Mem                                0x20000350   Data        1024  startup_stm32f10x_hd.o(STACK)
    STACK                                    0x20000350   Section     1024  startup_stm32f10x_hd.o(STACK)
    __initial_sp                             0x20000750   Data           0  startup_stm32f10x_hd.o(STACK)

    Global Symbols

    Symbol Name                              Value     Ov Type        Size  Object(Section)

    BuildAttributes$$THM_ISAv4$P$D$K$B$S$PE$A:L22UL41UL21$X:L11$S22US41US21$IEEE1$IW$~IW$USESV6$~STKCKD$USESV7$~SHL$OSPACE$ROPI$EBA8$UX$STANDARDLIB$REQ8$PRES8$EABIv2 0x00000000   Number         0  anon$$obj.o ABSOLUTE
    __fp_init_empty                          0x00000000   Number         0  fpinit_empty.o ABSOLUTE
    __ARM_exceptions_init                     - Undefined Weak Reference
    __alloca_initialize                       - Undefined Weak Reference
    __arm_preinit_                            - Undefined Weak Reference
    __cpp_initialize__aeabi_                  - Undefined Weak Reference
    __cxa_finalize                            - Undefined Weak Reference
    __rt_locale                               - Undefined Weak Reference
    __sigvec_lookup                           - Undefined Weak Reference
    _atexit_init                              - Undefined Weak Reference
    _call_atexit_fns                          - Undefined Weak Reference
    _clock_init                               - Undefined Weak Reference
    _fp_trap_init                             - Undefined Weak Reference
    _fp_trap_shutdown                         - Undefined Weak Reference
    _get_lc_collate                           - Undefined Weak Reference
    _get_lc_ctype                             - Undefined Weak Reference
    _get_lc_monetary                          - Undefined Weak Reference
    _get_lc_numeric                           - Undefined Weak Reference
    _get_lc_time                              - Undefined Weak Reference
    _getenv_init                              - Undefined Weak Reference
    _handle_redirection                       - Undefined Weak Reference
    _init_alloc                               - Undefined Weak Reference
    _init_user_alloc                          - Undefined Weak Reference
    _initio                                   - Undefined Weak Reference
    _rand_init                                - Undefined Weak Reference
    _signal_finish                            - Undefined Weak Reference
    _signal_init                              - Undefined Weak Reference
    _terminate_alloc                          - Undefined Weak Reference
    _terminate_user_alloc                     - Undefined Weak Reference
    _terminateio                              - Undefined Weak Reference
    __Vectors_Size                           0x00000130   Number         0  startup_stm32f10x_hd.o ABSOLUTE
    __Vectors                                0x08000000   Data           4  startup_stm32f10x_hd.o(RESET)
    __Vectors_End                            0x08000130   Data           0  startup_stm32f10x_hd.o(RESET)
    __main                                   0x08000131   Thumb Code     8  __main.o(!!!main)
    __scatterload                            0x08000139   Thumb Code     0  __scatter.o(!!!scatter)
    __scatterload_rt2                        0x08000139   Thumb Code    44  __scatter.o(!!!scatter)
    __scatterload_rt2_thumb_only             0x08000139   Thumb Code     0  __scatter.o(!!!scatter)
    __scatterload_null                       0x08000147   Thumb Code     0  __scatter.o(!!!scatter)
    __scatterload_copy                       0x0800016d   Thumb Code    26  __scatter_copy.o(!!handler_copy)
    __scatterload_zeroinit                   0x08000189   Thumb Code    28  __scatter_zi.o(!!handler_zi)
    __rt_lib_init                            0x080001a5   Thumb Code     0  libinit.o(.ARM.Collect$$libinit$$00000000)
    __rt_lib_init_alloca_1                   0x080001a7   Thumb Code     0  libinit2.o(.ARM.Collect$$libinit$$0000002E)
    __rt_lib_init_argv_1                     0x080001a7   Thumb Code     0  libinit2.o(.ARM.Collect$$libinit$$0000002C)
    __rt_lib_init_atexit_1                   0x080001a7   Thumb Code     0  libinit2.o(.ARM.Collect$$libinit$$0000001B)
    __rt_lib_init_clock_1                    0x080001a7   Thumb Code     0  libinit2.o(.ARM.Collect$$libinit$$00000021)
    __rt_lib_init_cpp_1                      0x080001a7   Thumb Code     0  libinit2.o(.ARM.Collect$$libinit$$00000032)
    __rt_lib_init_exceptions_1               0x080001a7   Thumb Code     0  libinit2.o(.ARM.Collect$$libinit$$00000030)
    __rt_lib_init_fp_1                       0x080001a7   Thumb Code     0  libinit2.o(.ARM.Collect$$libinit$$00000002)
    __rt_lib_init_fp_trap_1                  0x080001a7   Thumb Code     0  libinit2.o(.ARM.Collect$$libinit$$0000001F)
    __rt_lib_init_getenv_1                   0x080001a7   Thumb Code     0  libinit2.o(.ARM.Collect$$libinit$$00000023)
    __rt_lib_init_heap_1                     0x080001a7   Thumb Code     0  libinit2.o(.ARM.Collect$$libinit$$0000000A)
    __rt_lib_init_lc_collate_1               0x080001a7   Thumb Code     0  libinit2.o(.ARM.Collect$$libinit$$00000011)
    __rt_lib_init_lc_ctype_1                 0x080001a7   Thumb Code     0  libinit2.o(.ARM.Collect$$libinit$$00000013)
    __rt_lib_init_lc_monetary_1              0x080001a7   Thumb Code     0  libinit2.o(.ARM.Collect$$libinit$$00000015)
    __rt_lib_init_lc_numeric_1               0x080001a7   Thumb Code     0  libinit2.o(.ARM.Collect$$libinit$$00000017)
    __rt_lib_init_lc_time_1                  0x080001a7   Thumb Code     0  libinit2.o(.ARM.Collect$$libinit$$00000019)
    __rt_lib_init_preinit_1                  0x080001a7   Thumb Code     0  libinit2.o(.ARM.Collect$$libinit$$00000004)
    __rt_lib_init_rand_1                     0x080001a7   Thumb Code     0  libinit2.o(.ARM.Collect$$libinit$$0000000E)
    __rt_lib_init_return                     0x080001a7   Thumb Code     0  libinit2.o(.ARM.Collect$$libinit$$00000033)
    __rt_lib_init_signal_1                   0x080001a7   Thumb Code     0  libinit2.o(.ARM.Collect$$libinit$$0000001D)
    __rt_lib_init_stdio_1                    0x080001a7   Thumb Code     0  libinit2.o(.ARM.Collect$$libinit$$00000025)
    __rt_lib_init_user_alloc_1               0x080001a7   Thumb Code     0  libinit2.o(.ARM.Collect$$libinit$$0000000C)
    __rt_lib_shutdown                        0x080001a9   Thumb Code     0  libshutdown.o(.ARM.Collect$$libshutdown$$00000000)
    __rt_lib_shutdown_cpp_1                  0x080001ab   Thumb Code     0  libshutdown2.o(.ARM.Collect$$libshutdown$$00000002)
    __rt_lib_shutdown_fp_trap_1              0x080001ab   Thumb Code     0  libshutdown2.o(.ARM.Collect$$libshutdown$$00000007)
    __rt_lib_shutdown_heap_1                 0x080001ab   Thumb Code     0  libshutdown2.o(.ARM.Collect$$libshutdown$$0000000F)
    __rt_lib_shutdown_return                 0x080001ab   Thumb Code     0  libshutdown2.o(.ARM.Collect$$libshutdown$$00000010)
    __rt_lib_shutdown_signal_1               0x080001ab   Thumb Code     0  libshutdown2.o(.ARM.Collect$$libshutdown$$0000000A)
    __rt_lib_shutdown_stdio_1                0x080001ab   Thumb Code     0  libshutdown2.o(.ARM.Collect$$libshutdown$$00000004)
    __rt_lib_shutdown_user_alloc_1           0x080001ab   Thumb Code     0  libshutdown2.o(.ARM.Collect$$libshutdown$$0000000C)
    __rt_entry                               0x080001ad   Thumb Code     0  __rtentry.o(.ARM.Collect$$rtentry$$00000000)
    __rt_entry_presh_1                       0x080001ad   Thumb Code     0  __rtentry2.o(.ARM.Collect$$rtentry$$00000002)
    __rt_entry_sh                            0x080001ad   Thumb Code     0  __rtentry4.o(.ARM.Collect$$rtentry$$00000004)
    __rt_entry_li                            0x080001b3   Thumb Code     0  __rtentry2.o(.ARM.Collect$$rtentry$$0000000A)
    __rt_entry_postsh_1                      0x080001b3   Thumb Code     0  __rtentry2.o(.ARM.Collect$$rtentry$$00000009)
    __rt_entry_main                          0x080001b7   Thumb Code     0  __rtentry2.o(.ARM.Collect$$rtentry$$0000000D)
    __rt_entry_postli_1                      0x080001b7   Thumb Code     0  __rtentry2.o(.ARM.Collect$$rtentry$$0000000C)
    __rt_exit                                0x080001bf   Thumb Code     0  rtexit.o(.ARM.Collect$$rtexit$$00000000)
    __rt_exit_ls                             0x080001c1   Thumb Code     0  rtexit2.o(.ARM.Collect$$rtexit$$00000003)
    __rt_exit_prels_1                        0x080001c1   Thumb Code     0  rtexit2.o(.ARM.Collect$$rtexit$$00000002)
    __rt_exit_exit                           0x080001c5   Thumb Code     0  rtexit2.o(.ARM.Collect$$rtexit$$00000004)
    Reset_Handler                            0x080001cd   Thumb Code     8  startup_stm32f10x_hd.o(.text)
    NMI_Handler                              0x080001d5   Thumb Code     2  startup_stm32f10x_hd.o(.text)
    HardFault_Handler                        0x080001d7   Thumb Code     2  startup_stm32f10x_hd.o(.text)
    MemManage_Handler                        0x080001d9   Thumb Code     2  startup_stm32f10x_hd.o(.text)
    BusFault_Handler                         0x080001db   Thumb Code     2  startup_stm32f10x_hd.o(.text)
    UsageFault_Handler                       0x080001dd   Thumb Code     2  startup_stm32f10x_hd.o(.text)
    SVC_Handler                              0x080001df   Thumb Code     2  startup_stm32f10x_hd.o(.text)
    DebugMon_Handler                         0x080001e1   Thumb Code     2  startup_stm32f10x_hd.o(.text)
    PendSV_Handler                           0x080001e3   Thumb Code     2  startup_stm32f10x_hd.o(.text)
    SysTick_Handler                          0x080001e5   Thumb Code     2  startup_stm32f10x_hd.o(.text)
    ADC1_2_IRQHandler                        0x080001e7   Thumb Code     0  startup_stm32f10x_hd.o(.text)
    ADC3_IRQHandler                          0x080001e7   Thumb Code     0  startup_stm32f10x_hd.o(.text)
    CAN1_RX1_IRQHandler                      0x080001e7   Thumb Code     0  startup_stm32f10x_hd.o(.text)
    CAN1_SCE_IRQHandler                      0x080001e7   Thumb Code     0  startup_stm32f10x_hd.o(.text)
    DMA1_Channel1_IRQHandler                 0x080001e7   Thumb Code     0  startup_stm32f10x_hd.o(.text)
    DMA1_Channel2_IRQHandler                 0x080001e7   Thumb Code     0  startup_stm32f10x_hd.o(.text)
    DMA1_Channel3_IRQHandler                 0x080001e7   Thumb Code     0  startup_stm32f10x_hd.o(.text)
    DMA1_Channel4_IRQHandler                 0x080001e7   Thumb Code     0  startup_stm32f10x_hd.o(.text)
    DMA1_Channel5_IRQHandler                 0x080001e7   Thumb Code     0  startup_stm32f10x_hd.o(.text)
    DMA1_Channel6_IRQHandler                 0x080001e7   Thumb Code     0  startup_stm32f10x_hd.o(.text)
    DMA1_Channel7_IRQHandler                 0x080001e7   Thumb Code     0  startup_stm32f10x_hd.o(.text)
    DMA2_Channel1_IRQHandler                 0x080001e7   Thumb Code     0  startup_stm32f10x_hd.o(.text)
    DMA2_Channel2_IRQHandler                 0x080001e7   Thumb Code     0  startup_stm32f10x_hd.o(.text)
    DMA2_Channel3_IRQHandler                 0x080001e7   Thumb Code     0  startup_stm32f10x_hd.o(.text)
    DMA2_Channel4_5_IRQHandler               0x080001e7   Thumb Code     0  startup_stm32f10x_hd.o(.text)
    EXTI0_IRQHandler                         0x080001e7   Thumb Code     0  startup_stm32f10x_hd.o(.text)
    EXTI15_10_IRQHandler                     0x080001e7   Thumb Code     0  startup_stm32f10x_hd.o(.text)
    EXTI1_IRQHandler                         0x080001e7   Thumb Code     0  startup_stm32f10x_hd.o(.text)
    EXTI2_IRQHandler                         0x080001e7   Thumb Code     0  startup_stm32f10x_hd.o(.text)
    EXTI3_IRQHandler                         0x080001e7   Thumb Code     0  startup_stm32f10x_hd.o(.text)
    EXTI4_IRQHandler                         0x080001e7   Thumb Code     0  startup_stm32f10x_hd.o(.text)
    EXTI9_5_IRQHandler                       0x080001e7   Thumb Code     0  startup_stm32f10x_hd.o(.text)
    FLASH_IRQHandler                         0x080001e7   Thumb Code     0  startup_stm32f10x_hd.o(.text)
    FSMC_IRQHandler                          0x080001e7   Thumb Code     0  startup_stm32f10x_hd.o(.text)
    I2C1_ER_IRQHandler                       0x080001e7   Thumb Code     0  startup_stm32f10x_hd.o(.text)
    I2C1_EV_IRQHandler                       0x080001e7   Thumb Code     0  startup_stm32f10x_hd.o(.text)
    I2C2_ER_IRQHandler                       0x080001e7   Thumb Code     0  startup_stm32f10x_hd.o(.text)
    I2C2_EV_IRQHandler                       0x080001e7   Thumb Code     0  startup_stm32f10x_hd.o(.text)
    PVD_IRQHandler                           0x080001e7   Thumb Code     0  startup_stm32f10x_hd.o(.text)
    RCC_IRQHandler                           0x080001e7   Thumb Code     0  startup_stm32f10x_hd.o(.text)
    RTCAlarm_IRQHandler                      0x080001e7   Thumb Code     0  startup_stm32f10x_hd.o(.text)
    RTC_IRQHandler                           0x080001e7   Thumb Code     0  startup_stm32f10x_hd.o(.text)
    SDIO_IRQHandler                          0x080001e7   Thumb Code     0  startup_stm32f10x_hd.o(.text)
    SPI1_IRQHandler                          0x080001e7   Thumb Code     0  startup_stm32f10x_hd.o(.text)
    SPI2_IRQHandler                          0x080001e7   Thumb Code     0  startup_stm32f10x_hd.o(.text)
    SPI3_IRQHandler                          0x080001e7   Thumb Code     0  startup_stm32f10x_hd.o(.text)
    TAMPER_IRQHandler                        0x080001e7   Thumb Code     0  startup_stm32f10x_hd.o(.text)
    TIM1_BRK_IRQHandler                      0x080001e7   Thumb Code     0  startup_stm32f10x_hd.o(.text)
    TIM1_CC_IRQHandler                       0x080001e7   Thumb Code     0  startup_stm32f10x_hd.o(.text)
    TIM1_TRG_COM_IRQHandler                  0x080001e7   Thumb Code     0  startup_stm32f10x_hd.o(.text)
    TIM1_UP_IRQHandler                       0x080001e7   Thumb Code     0  startup_stm32f10x_hd.o(.text)
    TIM4_IRQHandler                          0x080001e7   Thumb Code     0  startup_stm32f10x_hd.o(.text)
    TIM5_IRQHandler                          0x080001e7   Thumb Code     0  startup_stm32f10x_hd.o(.text)
    TIM6_IRQHandler                          0x080001e7   Thumb Code     0  startup_stm32f10x_hd.o(.text)
    TIM7_IRQHandler                          0x080001e7   Thumb Code     0  startup_stm32f10x_hd.o(.text)
    TIM8_BRK_IRQHandler                      0x080001e7   Thumb Code     0  startup_stm32f10x_hd.o(.text)
    TIM8_CC_IRQHandler                       0x080001e7   Thumb Code     0  startup_stm32f10x_hd.o(.text)
    TIM8_TRG_COM_IRQHandler                  0x080001e7   Thumb Code     0  startup_stm32f10x_hd.o(.text)
    TIM8_UP_IRQHandler                       0x080001e7   Thumb Code     0  startup_stm32f10x_hd.o(.text)
    UART4_IRQHandler                         0x080001e7   Thumb Code     0  startup_stm32f10x_hd.o(.text)
    UART5_IRQHandler                         0x080001e7   Thumb Code     0  startup_stm32f10x_hd.o(.text)
    USART1_IRQHandler                        0x080001e7   Thumb Code     0  startup_stm32f10x_hd.o(.text)
    USART2_IRQHandler                        0x080001e7   Thumb Code     0  startup_stm32f10x_hd.o(.text)
    USART3_IRQHandler                        0x080001e7   Thumb Code     0  startup_stm32f10x_hd.o(.text)
    USBWakeUp_IRQHandler                     0x080001e7   Thumb Code     0  startup_stm32f10x_hd.o(.text)
    USB_HP_CAN1_TX_IRQHandler                0x080001e7   Thumb Code     0  startup_stm32f10x_hd.o(.text)
    USB_LP_CAN1_RX0_IRQHandler               0x080001e7   Thumb Code     0  startup_stm32f10x_hd.o(.text)
    WWDG_IRQHandler                          0x080001e7   Thumb Code     0  startup_stm32f10x_hd.o(.text)
    __user_initial_stackheap                 0x080001e9   Thumb Code     0  startup_stm32f10x_hd.o(.text)
    __aeabi_memclr                           0x0800020d   Thumb Code     0  rt_memclr.o(.text)
    __rt_memclr                              0x0800020d   Thumb Code     0  rt_memclr.o(.text)
    _memset                                  0x08000211   Thumb Code    64  rt_memclr.o(.text)
    __use_two_region_memory                  0x08000251   Thumb Code     2  heapauxi.o(.text)
    __rt_heap_escrow$2region                 0x08000253   Thumb Code     2  heapauxi.o(.text)
    __rt_heap_expand$2region                 0x08000255   Thumb Code     2  heapauxi.o(.text)
    __aeabi_memclr4                          0x08000257   Thumb Code     0  rt_memclr_w.o(.text)
    __aeabi_memclr8                          0x08000257   Thumb Code     0  rt_memclr_w.o(.text)
    __rt_memclr_w                            0x08000257   Thumb Code     0  rt_memclr_w.o(.text)
    _memset_w                                0x0800025b   Thumb Code    74  rt_memclr_w.o(.text)
    __user_setup_stackheap                   0x080002a5   Thumb Code    74  sys_stackheap_outer.o(.text)
    exit                                     0x080002ef   Thumb Code    18  exit.o(.text)
    __user_libspace                          0x08000301   Thumb Code     8  libspace.o(.text)
    __user_perproc_libspace                  0x08000301   Thumb Code     0  libspace.o(.text)
    __user_perthread_libspace                0x08000301   Thumb Code     0  libspace.o(.text)
    _sys_exit                                0x08000309   Thumb Code     8  sys_exit.o(.text)
    __I$use$semihosting                      0x08000315   Thumb Code     0  use_no_semi.o(.text)
    __use_no_semihosting_swi                 0x08000315   Thumb Code     2  use_no_semi.o(.text)
    __semihosting_library_function           0x08000317   Thumb Code     0  indicate_semi.o(.text)
    SystemInit                               0x08000445   Thumb Code   102  system_stm32f10x.o(.text.SystemInit)
    TIM2_IRQHandler                          0x080004ad   Thumb Code    28  main.o(.text.TIM2_IRQHandler)
    TIM3_IRQHandler                          0x080004c9   Thumb Code   208  main.o(.text.TIM3_IRQHandler)
    advance                                  0x08000599   Thumb Code   108  tetris.o(.text.advance)
    check_for_tetris                         0x08000605   Thumb Code   318  tetris.o(.text.check_for_tetris)
    check_position                           0x08000745   Thumb Code   258  tetris.o(.text.check_position)
    clear_game_area                          0x08000849   Thumb Code    96  tetris.o(.text.clear_game_area)
    clear_piece_area                         0x080008a9   Thumb Code   214  tetris.o(.text.clear_piece_area)
    copy_piece                               0x08000981   Thumb Code   162  tetris.o(.text.copy_piece)
    delay_milli                              0x08000a25   Thumb Code    82  util.o(.text.delay_milli)
    draw_block_rectangle                     0x08000a79   Thumb Code   120  tetris.o(.text.draw_block_rectangle)
    draw_game_grid                           0x08000af1   Thumb Code   164  tetris.o(.text.draw_game_grid)
    draw_menu_screen                         0x08000b95   Thumb Code   188  main.o(.text.draw_menu_screen)
    draw_piece                               0x08000c51   Thumb Code   234  tetris.o(.text.draw_piece)
    draw_piece_on_board                      0x08000d3d   Thumb Code   160  tetris.o(.text.draw_piece_on_board)
    draw_screen_frame                        0x08000ddd   Thumb Code   138  main.o(.text.draw_screen_frame)
    enable_disable_fsmc_bank                 0x08000e69   Thumb Code    62  stm_drivers.o(.text.enable_disable_fsmc_bank)
    fsmc_init                                0x08000ea9   Thumb Code   158  stm_drivers.o(.text.fsmc_init)
    get_button_press                         0x08000f49   Thumb Code   150  input_pad.o(.text.get_button_press)
    get_font_array                           0x08000fe1   Thumb Code    70  lcd.o(.text.get_font_array)
    get_new_shape                            0x08001029   Thumb Code   190  tetris.o(.text.get_new_shape)
    init_dac_channels                        0x080010e9   Thumb Code   102  main.o(.text.init_dac_channels)
    init_inputs                              0x08001151   Thumb Code   118  input_pad.o(.text.init_inputs)
    init_lcd_control_lines                   0x080011c9   Thumb Code   302  lcd.o(.text.init_lcd_control_lines)
    init_timer                               0x080012f9   Thumb Code    68  stm_drivers.o(.text.init_timer)
    init_wave_timers                         0x0800133d   Thumb Code   106  main.o(.text.init_wave_timers)
    itoa                                     0x080013a9   Thumb Code   192  util.o(.text.itoa)
    lcd_clear                                0x08001469   Thumb Code    62  lcd.o(.text.lcd_clear)
    lcd_fill_rect                            0x080014a9   Thumb Code   194  lcd.o(.text.lcd_fill_rect)
    lcd_fill_rect_with_border                0x0800156d   Thumb Code   138  lcd.o(.text.lcd_fill_rect_with_border)
    lcd_fsmc_init                            0x080015f9   Thumb Code    82  lcd.o(.text.lcd_fsmc_init)
    lcd_init                                 0x0800164d   Thumb Code   542  lcd.o(.text.lcd_init)
    lcd_print_character_block                0x0800186d   Thumb Code   226  lcd.o(.text.lcd_print_character_block)
    lcd_reset                                0x08001975   Thumb Code    52  lcd.o(.text.lcd_reset)
    lcd_set_cursor_pos                       0x080019a9   Thumb Code    64  lcd.o(.text.lcd_set_cursor_pos)
    lcd_write_string                         0x08001a35   Thumb Code   196  lcd.o(.text.lcd_write_string)
    main                                     0x08001af9   Thumb Code    64  main.o(.text.main)
    play_tetris_game                         0x08001b39   Thumb Code   536  main.o(.text.play_tetris_game)
    rand                                     0x08001d51   Thumb Code    52  util.o(.text.rand)
    rcc_ahb_clock_control                    0x08001d85   Thumb Code    52  stm_drivers.o(.text.rcc_ahb_clock_control)
    rcc_apb1_clock_control                   0x08001db9   Thumb Code    52  stm_drivers.o(.text.rcc_apb1_clock_control)
    rcc_apb2_clock_control                   0x08001ded   Thumb Code    52  stm_drivers.o(.text.rcc_apb2_clock_control)
    read_gpio_pin                            0x08001e21   Thumb Code    24  stm_drivers.o(.text.read_gpio_pin)
    rotate_piece                             0x08001e39   Thumb Code   156  tetris.o(.text.rotate_piece)
    set_gpio_pin_mode                        0x08001ed5   Thumb Code   102  stm_drivers.o(.text.set_gpio_pin_mode)
    setup_perh                               0x08001f3d   Thumb Code   184  main.o(.text.setup_perh)
    show_menu                                0x08001ff5   Thumb Code   112  main.o(.text.show_menu)
    take_action                              0x08002065   Thumb Code   122  tetris.o(.text.take_action)
    update_game_timer                        0x080020e1   Thumb Code    34  main.o(.text.update_game_timer)
    Region$$Table$$Base                      0x08002768   Number         0  anon$$obj.o(Region$$Table)
    Region$$Table$$Limit                     0x08002788   Number         0  anon$$obj.o(Region$$Table)
    __libspace_start                         0x200000a8   Data          96  libspace.o(.bss)
    __temporary_stack_top$libspace           0x20000108   Data           0  libspace.o(.bss)
    bass_tick                                0x20000142   Data           2  main.o(.bss.bass_tick)
    current_ticks                            0x20000146   Data           2  main.o(.bss.current_ticks)
    time_out                                 0x20000148   Data           2  main.o(.bss.time_out)
    total_ticks                              0x2000014a   Data           2  main.o(.bss.total_ticks)



==============================================================================

Memory Map of the image

  Image Entry point : 0x08000131

  Load Region LR_IROM1 (Base: 0x08000000, Size: 0x00002830, Max: 0x00080000, ABSOLUTE)

    Execution Region ER_IROM1 (Exec base: 0x08000000, Load base: 0x08000000, Size: 0x00002788, Max: 0x00080000, ABSOLUTE)

    Exec Addr    Load Addr    Size         Type   Attr      Idx    E Section Name        Object

    0x08000000   0x08000000   0x00000130   Data   RO          200    RESET               startup_stm32f10x_hd.o
    0x08000130   0x08000130   0x00000008   Code   RO          230  * !!!main             c_w.l(__main.o)
    0x08000138   0x08000138   0x00000034   Code   RO          395    !!!scatter          c_w.l(__scatter.o)
    0x0800016c   0x0800016c   0x0000001a   Code   RO          397    !!handler_copy      c_w.l(__scatter_copy.o)
    0x08000186   0x08000186   0x00000002   PAD
    0x08000188   0x08000188   0x0000001c   Code   RO          399    !!handler_zi        c_w.l(__scatter_zi.o)
    0x080001a4   0x080001a4   0x00000002   Code   RO          259    .ARM.Collect$$libinit$$00000000  c_w.l(libinit.o)
    0x080001a6   0x080001a6   0x00000000   Code   RO          266    .ARM.Collect$$libinit$$00000002  c_w.l(libinit2.o)
    0x080001a6   0x080001a6   0x00000000   Code   RO          268    .ARM.Collect$$libinit$$00000004  c_w.l(libinit2.o)
    0x080001a6   0x080001a6   0x00000000   Code   RO          271    .ARM.Collect$$libinit$$0000000A  c_w.l(libinit2.o)
    0x080001a6   0x080001a6   0x00000000   Code   RO          273    .ARM.Collect$$libinit$$0000000C  c_w.l(libinit2.o)
    0x080001a6   0x080001a6   0x00000000   Code   RO          275    .ARM.Collect$$libinit$$0000000E  c_w.l(libinit2.o)
    0x080001a6   0x080001a6   0x00000000   Code   RO          278    .ARM.Collect$$libinit$$00000011  c_w.l(libinit2.o)
    0x080001a6   0x080001a6   0x00000000   Code   RO          280    .ARM.Collect$$libinit$$00000013  c_w.l(libinit2.o)
    0x080001a6   0x080001a6   0x00000000   Code   RO          282    .ARM.Collect$$libinit$$00000015  c_w.l(libinit2.o)
    0x080001a6   0x080001a6   0x00000000   Code   RO          284    .ARM.Collect$$libinit$$00000017  c_w.l(libinit2.o)
    0x080001a6   0x080001a6   0x00000000   Code   RO          286    .ARM.Collect$$libinit$$00000019  c_w.l(libinit2.o)
    0x080001a6   0x080001a6   0x00000000   Code   RO          288    .ARM.Collect$$libinit$$0000001B  c_w.l(libinit2.o)
    0x080001a6   0x080001a6   0x00000000   Code   RO          290    .ARM.Collect$$libinit$$0000001D  c_w.l(libinit2.o)
    0x080001a6   0x080001a6   0x00000000   Code   RO          292    .ARM.Collect$$libinit$$0000001F  c_w.l(libinit2.o)
    0x080001a6   0x080001a6   0x00000000   Code   RO          294    .ARM.Collect$$libinit$$00000021  c_w.l(libinit2.o)
    0x080001a6   0x080001a6   0x00000000   Code   RO          296    .ARM.Collect$$libinit$$00000023  c_w.l(libinit2.o)
    0x080001a6   0x080001a6   0x00000000   Code   RO          298    .ARM.Collect$$libinit$$00000025  c_w.l(libinit2.o)
    0x080001a6   0x080001a6   0x00000000   Code   RO          302    .ARM.Collect$$libinit$$0000002C  c_w.l(libinit2.o)
    0x080001a6   0x080001a6   0x00000000   Code   RO          304    .ARM.Collect$$libinit$$0000002E  c_w.l(libinit2.o)
    0x080001a6   0x080001a6   0x00000000   Code   RO          306    .ARM.Collect$$libinit$$00000030  c_w.l(libinit2.o)
    0x080001a6   0x080001a6   0x00000000   Code   RO          308    .ARM.Collect$$libinit$$00000032  c_w.l(libinit2.o)
    0x080001a6   0x080001a6   0x00000002   Code   RO          309    .ARM.Collect$$libinit$$00000033  c_w.l(libinit2.o)
    0x080001a8   0x080001a8   0x00000002   Code   RO          331    .ARM.Collect$$libshutdown$$00000000  c_w.l(libshutdown.o)
    0x080001aa   0x080001aa   0x00000000   Code   RO          346    .ARM.Collect$$libshutdown$$00000002  c_w.l(libshutdown2.o)
    0x080001aa   0x080001aa   0x00000000   Code   RO          348    .ARM.Collect$$libshutdown$$00000004  c_w.l(libshutdown2.o)
    0x080001aa   0x080001aa   0x00000000   Code   RO          351    .ARM.Collect$$libshutdown$$00000007  c_w.l(libshutdown2.o)
    0x080001aa   0x080001aa   0x00000000   Code   RO          354    .ARM.Collect$$libshutdown$$0000000A  c_w.l(libshutdown2.o)
    0x080001aa   0x080001aa   0x00000000   Code   RO          356    .ARM.Collect$$libshutdown$$0000000C  c_w.l(libshutdown2.o)
    0x080001aa   0x080001aa   0x00000000   Code   RO          359    .ARM.Collect$$libshutdown$$0000000F  c_w.l(libshutdown2.o)
    0x080001aa   0x080001aa   0x00000002   Code   RO          360    .ARM.Collect$$libshutdown$$00000010  c_w.l(libshutdown2.o)
    0x080001ac   0x080001ac   0x00000000   Code   RO          232    .ARM.Collect$$rtentry$$00000000  c_w.l(__rtentry.o)
    0x080001ac   0x080001ac   0x00000000   Code   RO          236    .ARM.Collect$$rtentry$$00000002  c_w.l(__rtentry2.o)
    0x080001ac   0x080001ac   0x00000006   Code   RO          248    .ARM.Collect$$rtentry$$00000004  c_w.l(__rtentry4.o)
    0x080001b2   0x080001b2   0x00000000   Code   RO          238    .ARM.Collect$$rtentry$$00000009  c_w.l(__rtentry2.o)
    0x080001b2   0x080001b2   0x00000004   Code   RO          239    .ARM.Collect$$rtentry$$0000000A  c_w.l(__rtentry2.o)
    0x080001b6   0x080001b6   0x00000000   Code   RO          241    .ARM.Collect$$rtentry$$0000000C  c_w.l(__rtentry2.o)
    0x080001b6   0x080001b6   0x00000008   Code   RO          242    .ARM.Collect$$rtentry$$0000000D  c_w.l(__rtentry2.o)
    0x080001be   0x080001be   0x00000002   Code   RO          263    .ARM.Collect$$rtexit$$00000000  c_w.l(rtexit.o)
    0x080001c0   0x080001c0   0x00000000   Code   RO          311    .ARM.Collect$$rtexit$$00000002  c_w.l(rtexit2.o)
    0x080001c0   0x080001c0   0x00000004   Code   RO          312    .ARM.Collect$$rtexit$$00000003  c_w.l(rtexit2.o)
    0x080001c4   0x080001c4   0x00000006   Code   RO          313    .ARM.Collect$$rtexit$$00000004  c_w.l(rtexit2.o)
    0x080001ca   0x080001ca   0x00000002   PAD
    0x080001cc   0x080001cc   0x00000040   Code   RO          201    .text               startup_stm32f10x_hd.o
    0x0800020c   0x0800020c   0x00000044   Code   RO          226    .text               c_w.l(rt_memclr.o)
    0x08000250   0x08000250   0x00000006   Code   RO          228    .text               c_w.l(heapauxi.o)
    0x08000256   0x08000256   0x0000004e   Code   RO          233    .text               c_w.l(rt_memclr_w.o)
    0x080002a4   0x080002a4   0x0000004a   Code   RO          250    .text               c_w.l(sys_stackheap_outer.o)
    0x080002ee   0x080002ee   0x00000012   Code   RO          252    .text               c_w.l(exit.o)
    0x08000300   0x08000300   0x00000008   Code   RO          260    .text               c_w.l(libspace.o)
    0x08000308   0x08000308   0x0000000c   Code   RO          321    .text               c_w.l(sys_exit.o)
    0x08000314   0x08000314   0x00000002   Code   RO          336    .text               c_w.l(use_no_semi.o)
    0x08000316   0x08000316   0x00000000   Code   RO          338    .text               c_w.l(indicate_semi.o)
    0x08000316   0x08000316   0x00000002   PAD
    0x08000318   0x08000318   0x00000008   Code   RO          210    .text.SetSysClock   system_stm32f10x.o
    0x08000320   0x08000320   0x00000122   Code   RO          214    .text.SetSysClockTo72  system_stm32f10x.o
    0x08000442   0x08000442   0x00000002   PAD
    0x08000444   0x08000444   0x00000066   Code   RO          208    .text.SystemInit    system_stm32f10x.o
    0x080004aa   0x080004aa   0x00000002   PAD
    0x080004ac   0x080004ac   0x0000001c   Code   RO          167    .text.TIM2_IRQHandler  main.o
    0x080004c8   0x080004c8   0x000000d0   Code   RO          169    .text.TIM3_IRQHandler  main.o
    0x08000598   0x08000598   0x0000006c   Code   RO           95    .text.advance       tetris.o
    0x08000604   0x08000604   0x0000013e   Code   RO           85    .text.check_for_tetris  tetris.o
    0x08000742   0x08000742   0x00000002   PAD
    0x08000744   0x08000744   0x00000102   Code   RO           91    .text.check_position  tetris.o
    0x08000846   0x08000846   0x00000002   PAD
    0x08000848   0x08000848   0x00000060   Code   RO          105    .text.clear_game_area  tetris.o
    0x080008a8   0x080008a8   0x000000d6   Code   RO           99    .text.clear_piece_area  tetris.o
    0x0800097e   0x0800097e   0x00000002   PAD
    0x08000980   0x08000980   0x000000a2   Code   RO           89    .text.copy_piece    tetris.o
    0x08000a22   0x08000a22   0x00000002   PAD
    0x08000a24   0x08000a24   0x00000052   Code   RO           71    .text.delay_milli   util.o
    0x08000a76   0x08000a76   0x00000002   PAD
    0x08000a78   0x08000a78   0x00000078   Code   RO           87    .text.draw_block_rectangle  tetris.o
    0x08000af0   0x08000af0   0x000000a4   Code   RO          111    .text.draw_game_grid  tetris.o
    0x08000b94   0x08000b94   0x000000bc   Code   RO          177    .text.draw_menu_screen  main.o
    0x08000c50   0x08000c50   0x000000ea   Code   RO          107    .text.draw_piece    tetris.o
    0x08000d3a   0x08000d3a   0x00000002   PAD
    0x08000d3c   0x08000d3c   0x000000a0   Code   RO           93    .text.draw_piece_on_board  tetris.o
    0x08000ddc   0x08000ddc   0x0000008a   Code   RO          175    .text.draw_screen_frame  main.o
    0x08000e66   0x08000e66   0x00000002   PAD
    0x08000e68   0x08000e68   0x0000003e   Code   RO            4    .text.enable_disable_fsmc_bank  stm_drivers.o
    0x08000ea6   0x08000ea6   0x00000002   PAD
    0x08000ea8   0x08000ea8   0x0000009e   Code   RO            2    .text.fsmc_init     stm_drivers.o
    0x08000f46   0x08000f46   0x00000002   PAD
    0x08000f48   0x08000f48   0x00000096   Code   RO          152    .text.get_button_press  input_pad.o
    0x08000fde   0x08000fde   0x00000002   PAD
    0x08000fe0   0x08000fe0   0x00000046   Code   RO           41    .text.get_font_array  lcd.o
    0x08001026   0x08001026   0x00000002   PAD
    0x08001028   0x08001028   0x000000be   Code   RO           97    .text.get_new_shape  tetris.o
    0x080010e6   0x080010e6   0x00000002   PAD
    0x080010e8   0x080010e8   0x00000066   Code   RO          173    .text.init_dac_channels  main.o
    0x0800114e   0x0800114e   0x00000002   PAD
    0x08001150   0x08001150   0x00000076   Code   RO          150    .text.init_inputs   input_pad.o
    0x080011c6   0x080011c6   0x00000002   PAD
    0x080011c8   0x080011c8   0x0000012e   Code   RO           51    .text.init_lcd_control_lines  lcd.o
    0x080012f6   0x080012f6   0x00000002   PAD
    0x080012f8   0x080012f8   0x00000044   Code   RO           16    .text.init_timer    stm_drivers.o
    0x0800133c   0x0800133c   0x0000006a   Code   RO          171    .text.init_wave_timers  main.o
    0x080013a6   0x080013a6   0x00000002   PAD
    0x080013a8   0x080013a8   0x000000c0   Code   RO           73    .text.itoa          util.o
    0x08001468   0x08001468   0x0000003e   Code   RO           35    .text.lcd_clear     lcd.o
    0x080014a6   0x080014a6   0x00000002   PAD
    0x080014a8   0x080014a8   0x000000c2   Code   RO           31    .text.lcd_fill_rect  lcd.o
    0x0800156a   0x0800156a   0x00000002   PAD
    0x0800156c   0x0800156c   0x0000008a   Code   RO           33    .text.lcd_fill_rect_with_border  lcd.o
    0x080015f6   0x080015f6   0x00000002   PAD
    0x080015f8   0x080015f8   0x00000052   Code   RO           53    .text.lcd_fsmc_init  lcd.o
    0x0800164a   0x0800164a   0x00000002   PAD
    0x0800164c   0x0800164c   0x0000021e   Code   RO           49    .text.lcd_init      lcd.o
    0x0800186a   0x0800186a   0x00000002   PAD
    0x0800186c   0x0800186c   0x000000e2   Code   RO           45    .text.lcd_print_character_block  lcd.o
    0x0800194e   0x0800194e   0x00000002   PAD
    0x08001950   0x08001950   0x0000000a   Code   RO           59    .text.lcd_read_data  lcd.o
    0x0800195a   0x0800195a   0x00000002   PAD
    0x0800195c   0x0800195c   0x00000018   Code   RO           55    .text.lcd_read_register  lcd.o
    0x08001974   0x08001974   0x00000034   Code   RO           57    .text.lcd_reset     lcd.o
    0x080019a8   0x080019a8   0x00000040   Code   RO           27    .text.lcd_set_cursor_pos  lcd.o
    0x080019e8   0x080019e8   0x00000016   Code   RO           39    .text.lcd_write_data  lcd.o
    0x080019fe   0x080019fe   0x00000002   PAD
    0x08001a00   0x08001a00   0x00000014   Code   RO           37    .text.lcd_write_index  lcd.o
    0x08001a14   0x08001a14   0x00000020   Code   RO           29    .text.lcd_write_register  lcd.o
    0x08001a34   0x08001a34   0x000000c4   Code   RO           43    .text.lcd_write_string  lcd.o
    0x08001af8   0x08001af8   0x00000040   Code   RO          161    .text.main          main.o
    0x08001b38   0x08001b38   0x00000218   Code   RO          181    .text.play_tetris_game  main.o
    0x08001d50   0x08001d50   0x00000034   Code   RO           69    .text.rand          util.o
    0x08001d84   0x08001d84   0x00000034   Code   RO            6    .text.rcc_ahb_clock_control  stm_drivers.o
    0x08001db8   0x08001db8   0x00000034   Code   RO            8    .text.rcc_apb1_clock_control  stm_drivers.o
    0x08001dec   0x08001dec   0x00000034   Code   RO           10    .text.rcc_apb2_clock_control  stm_drivers.o
    0x08001e20   0x08001e20   0x00000018   Code   RO           14    .text.read_gpio_pin  stm_drivers.o
    0x08001e38   0x08001e38   0x0000009c   Code   RO          103    .text.rotate_piece  tetris.o
    0x08001ed4   0x08001ed4   0x00000066   Code   RO           12    .text.set_gpio_pin_mode  stm_drivers.o
    0x08001f3a   0x08001f3a   0x00000002   PAD
    0x08001f3c   0x08001f3c   0x000000b8   Code   RO          163    .text.setup_perh    main.o
    0x08001ff4   0x08001ff4   0x00000070   Code   RO          165    .text.show_menu     main.o
    0x08002064   0x08002064   0x0000007a   Code   RO          101    .text.take_action   tetris.o
    0x080020de   0x080020de   0x00000002   PAD
    0x080020e0   0x080020e0   0x00000022   Code   RO          179    .text.update_game_timer  main.o
    0x08002102   0x08002102   0x00000002   PAD
    0x08002104   0x08002104   0x00000038   Data   RO          113    .rodata.GameShape   tetris.o
    0x0800213c   0x0800213c   0x000000fe   Data   RO          189    .rodata.bass        main.o
    0x0800223a   0x0800223a   0x00000400   Data   RO           61    .rodata.font8x8_basic  lcd.o
    0x0800263a   0x0800263a   0x00000037   Data   RO          187    .rodata.sequence    main.o
    0x08002671   0x08002671   0x00000001   PAD
    0x08002672   0x08002672   0x0000006c   Data   RO          188    .rodata.song        main.o
    0x080026de   0x080026de   0x00000048   Data   RO           77    .rodata.str1.1      util.o
    0x08002726   0x08002726   0x0000003f   Data   RO          190    .rodata.str1.1      main.o
    0x08002765   0x08002765   0x00000003   PAD
    0x08002768   0x08002768   0x00000020   Data   RO          394    Region$$Table       anon$$obj.o


    Execution Region RW_IRAM1 (Exec base: 0x20000000, Load base: 0x08002788, Size: 0x00000750, Max: 0x00010000, ABSOLUTE)

    Exec Addr    Load Addr    Size         Type   Attr      Idx    E Section Name        Object

    0x20000000   0x08002788   0x00000006   Data   RW          114    .data..compoundliteral  tetris.o
    0x20000006   0x0800278e   0x00000006   Data   RW          115    .data..compoundliteral.1  tetris.o
    0x2000000c   0x08002794   0x0000000c   Data   RW          125    .data..compoundliteral.11  tetris.o
    0x20000018   0x080027a0   0x00000008   Data   RW          126    .data..compoundliteral.12  tetris.o
    0x20000020   0x080027a8   0x00000010   Data   RW          130    .data..compoundliteral.16  tetris.o
    0x20000030   0x080027b8   0x00000006   Data   RW          131    .data..compoundliteral.17  tetris.o
    0x20000036   0x080027be   0x00000006   Data   RW          132    .data..compoundliteral.18  tetris.o
    0x2000003c   0x080027c4   0x0000000c   Data   RW          134    .data..compoundliteral.20  tetris.o
    0x20000048   0x080027d0   0x00000006   Data   RW          135    .data..compoundliteral.21  tetris.o
    0x2000004e   0x080027d6   0x00000006   Data   RW          136    .data..compoundliteral.22  tetris.o
    0x20000054   0x080027dc   0x0000000c   Data   RW          138    .data..compoundliteral.24  tetris.o
    0x20000060   0x080027e8   0x00000004   Data   RW          139    .data..compoundliteral.25  tetris.o
    0x20000064   0x080027ec   0x00000004   Data   RW          140    .data..compoundliteral.26  tetris.o
    0x20000068   0x080027f0   0x0000000c   Data   RW          142    .data..compoundliteral.28  tetris.o
    0x20000074   0x080027fc   0x0000000c   Data   RW          117    .data..compoundliteral.3  tetris.o
    0x20000080   0x08002808   0x00000006   Data   RW          118    .data..compoundliteral.4  tetris.o
    0x20000086   0x0800280e   0x00000006   Data   RW          119    .data..compoundliteral.5  tetris.o
    0x2000008c   0x08002814   0x0000000c   Data   RW          121    .data..compoundliteral.7  tetris.o
    0x20000098   0x08002820   0x00000006   Data   RW          122    .data..compoundliteral.8  tetris.o
    0x2000009e   0x08002826   0x00000006   Data   RW          123    .data..compoundliteral.9  tetris.o
    0x200000a4   0x0800282c   0x00000002   Data   RW           75    .data.seed          util.o
    0x200000a6   0x0800282e   0x00000002   PAD
    0x200000a8        -       0x00000060   Zero   RW          261    .bss                c_w.l(libspace.o)
    0x20000108        -       0x00000006   Zero   RW          124    .bss..compoundliteral.10  tetris.o
    0x2000010e        -       0x00000008   Zero   RW          127    .bss..compoundliteral.13  tetris.o
    0x20000116        -       0x00000008   Zero   RW          128    .bss..compoundliteral.14  tetris.o
    0x2000011e        -       0x00000008   Zero   RW          129    .bss..compoundliteral.15  tetris.o
    0x20000126        -       0x00000006   Zero   RW          133    .bss..compoundliteral.19  tetris.o
    0x2000012c        -       0x00000006   Zero   RW          116    .bss..compoundliteral.2  tetris.o
    0x20000132        -       0x00000006   Zero   RW          137    .bss..compoundliteral.23  tetris.o
    0x20000138        -       0x00000004   Zero   RW          141    .bss..compoundliteral.27  tetris.o
    0x2000013c        -       0x00000006   Zero   RW          120    .bss..compoundliteral.6  tetris.o
    0x20000142        -       0x00000002   Zero   RW          186    .bss.bass_tick      main.o
    0x20000144        -       0x00000002   Zero   RW           76    .bss.current_bit    util.o
    0x20000146        -       0x00000002   Zero   RW          185    .bss.current_ticks  main.o
    0x20000148        -       0x00000002   Zero   RW          183    .bss.time_out       main.o
    0x2000014a        -       0x00000002   Zero   RW          184    .bss.total_ticks    main.o
    0x2000014c   0x0800282e   0x00000004   PAD
    0x20000150        -       0x00000200   Zero   RW          199    HEAP                startup_stm32f10x_hd.o
    0x20000350        -       0x00000400   Zero   RW          198    STACK               startup_stm32f10x_hd.o


==============================================================================

Image component sizes


      Code (inc. data)   RO Data    RW Data    ZI Data      Debug   Object Name

       268          0          0          0          0       1067   input_pad.o
      2036          0       1024          0          0       5220   lcd.o
      1700          6        480          0          8       5152   main.o
        64         26        304          0       1536        796   startup_stm32f10x_hd.o
       570          0          0          0          0       3803   stm_drivers.o
       400          0          0          0          0       2827   system_stm32f10x.o
      2302          0         56        164         58       5352   tetris.o
       326          0         72          2          2       1213   util.o

    ----------------------------------------------------------------------
      7724         32       1972        168       1608      25430   Object Totals
         0          0         32          0          0          0   (incl. Generated)
        58          0          4          2          4          0   (incl. Padding)

    ----------------------------------------------------------------------

      Code (inc. data)   RO Data    RW Data    ZI Data      Debug   Library Member Name

         8          0          0          0          0         68   __main.o
         0          0          0          0          0          0   __rtentry.o
        12          0          0          0          0          0   __rtentry2.o
         6          0          0          0          0          0   __rtentry4.o
        52          8          0          0          0          0   __scatter.o
        26          0          0          0          0          0   __scatter_copy.o
        28          0          0          0          0          0   __scatter_zi.o
        18          0          0          0          0         80   exit.o
         6          0          0          0          0        152   heapauxi.o
         0          0          0          0          0          0   indicate_semi.o
         2          0          0          0          0          0   libinit.o
         2          0          0          0          0          0   libinit2.o
         2          0          0          0          0          0   libshutdown.o
         2          0          0          0          0          0   libshutdown2.o
         8          4          0          0         96         68   libspace.o
        68          0          0          0          0         68   rt_memclr.o
        78          0          0          0          0         80   rt_memclr_w.o
         2          0          0          0          0          0   rtexit.o
        10          0          0          0          0          0   rtexit2.o
        12          4          0          0          0         68   sys_exit.o
        74          0          0          0          0         80   sys_stackheap_outer.o
         2          0          0          0          0         68   use_no_semi.o

    ----------------------------------------------------------------------
       424         16          0          0         96        732   Library Totals
         6          0          0          0          0          0   (incl. Padding)

    ----------------------------------------------------------------------

      Code (inc. data)   RO Data    RW Data    ZI Data      Debug   Library Name

       418         16          0          0         96        732   c_w.l

    ----------------------------------------------------------------------
       424         16          0          0         96        732   Library Totals

    ----------------------------------------------------------------------

==============================================================================


      Code (inc. data)   RO Data    RW Data    ZI Data      Debug   

      8148         48       1972        168       1704      25854   Grand Totals
      8148         48       1972        168       1704      25854   ELF Image Totals
      8148         48       1972        168          0          0   ROM Totals

==============================================================================

    Total RO  Size (Code + RO Data)                10120 (   9.88kB)
    Total RW  Size (RW Data + ZI Data)              1872 (   1.83kB)
    Total ROM Size (Code + RO Data + RW Data)      10288 (  10.05kB)

==============================================================================

